
Optional file vector_offset_init.o not found
Archive member included to satisfy reference by file (symbol)

c:/program files/microchip/xc32/v4.45/bin/bin/../../lib/gcc/pic32mx/8.3.1/../../../../pic32mx/lib/fpu64\libstdc++.a(eh_personality.o)
                              build/default/debug/SLBL_System.o (__gxx_personality_sj0)
c:/program files/microchip/xc32/v4.45/bin/bin/../../lib/gcc/pic32mx/8.3.1/../../../../pic32mx/lib/fpu64\libstdc++.a(del_ops.o)
                              build/default/debug/SLBL_System.o (operator delete(void*, unsigned int))
c:/program files/microchip/xc32/v4.45/bin/bin/../../lib/gcc/pic32mx/8.3.1/../../../../pic32mx/lib/fpu64\libstdc++.a(eh_catch.o)
                              c:/program files/microchip/xc32/v4.45/bin/bin/../../lib/gcc/pic32mx/8.3.1/../../../../pic32mx/lib/fpu64\libstdc++.a(eh_personality.o) (__cxa_begin_catch)
c:/program files/microchip/xc32/v4.45/bin/bin/../../lib/gcc/pic32mx/8.3.1/../../../../pic32mx/lib/fpu64\libstdc++.a(eh_throw.o)
                              c:/program files/microchip/xc32/v4.45/bin/bin/../../lib/gcc/pic32mx/8.3.1/../../../../pic32mx/lib/fpu64\libstdc++.a(eh_personality.o) (__cxa_throw)
c:/program files/microchip/xc32/v4.45/bin/bin/../../lib/gcc/pic32mx/8.3.1/../../../../pic32mx/lib/fpu64\libstdc++.a(eh_terminate.o)
                              c:/program files/microchip/xc32/v4.45/bin/bin/../../lib/gcc/pic32mx/8.3.1/../../../../pic32mx/lib/fpu64\libstdc++.a(eh_personality.o) (__cxxabiv1::__terminate(void (*)()))
c:/program files/microchip/xc32/v4.45/bin/bin/../../lib/gcc/pic32mx/8.3.1/../../../../pic32mx/lib/fpu64\libstdc++.a(new_op.o)
                              build/default/debug/SLBL_System.o (operator new(unsigned int))
c:/program files/microchip/xc32/v4.45/bin/bin/../../lib/gcc/pic32mx/8.3.1/../../../../pic32mx/lib/fpu64\libstdc++.a(eh_globals.o)
                              c:/program files/microchip/xc32/v4.45/bin/bin/../../lib/gcc/pic32mx/8.3.1/../../../../pic32mx/lib/fpu64\libstdc++.a(eh_personality.o) (__cxa_get_globals_fast)
c:/program files/microchip/xc32/v4.45/bin/bin/../../lib/gcc/pic32mx/8.3.1/../../../../pic32mx/lib/fpu64\libstdc++.a(eh_exception.o)
                              c:/program files/microchip/xc32/v4.45/bin/bin/../../lib/gcc/pic32mx/8.3.1/../../../../pic32mx/lib/fpu64\libstdc++.a(eh_personality.o) (std::bad_exception::~bad_exception())
c:/program files/microchip/xc32/v4.45/bin/bin/../../lib/gcc/pic32mx/8.3.1/../../../../pic32mx/lib/fpu64\libstdc++.a(del_op.o)
                              c:/program files/microchip/xc32/v4.45/bin/bin/../../lib/gcc/pic32mx/8.3.1/../../../../pic32mx/lib/fpu64\libstdc++.a(del_ops.o) (operator delete(void*))
c:/program files/microchip/xc32/v4.45/bin/bin/../../lib/gcc/pic32mx/8.3.1/../../../../pic32mx/lib/fpu64\libstdc++.a(bad_alloc.o)
                              c:/program files/microchip/xc32/v4.45/bin/bin/../../lib/gcc/pic32mx/8.3.1/../../../../pic32mx/lib/fpu64\libstdc++.a(new_op.o) (vtable for std::bad_alloc)
c:/program files/microchip/xc32/v4.45/bin/bin/../../lib/gcc/pic32mx/8.3.1/../../../../pic32mx/lib/fpu64\libstdc++.a(eh_alloc.o)
                              c:/program files/microchip/xc32/v4.45/bin/bin/../../lib/gcc/pic32mx/8.3.1/../../../../pic32mx/lib/fpu64\libstdc++.a(eh_personality.o) (__cxa_allocate_exception)
c:/program files/microchip/xc32/v4.45/bin/bin/../../lib/gcc/pic32mx/8.3.1/../../../../pic32mx/lib/fpu64\libstdc++.a(eh_term_handler.o)
                              c:/program files/microchip/xc32/v4.45/bin/bin/../../lib/gcc/pic32mx/8.3.1/../../../../pic32mx/lib/fpu64\libstdc++.a(eh_terminate.o) (__cxxabiv1::__terminate_handler)
c:/program files/microchip/xc32/v4.45/bin/bin/../../lib/gcc/pic32mx/8.3.1/../../../../pic32mx/lib/fpu64\libstdc++.a(si_class_type_info.o)
                              c:/program files/microchip/xc32/v4.45/bin/bin/../../lib/gcc/pic32mx/8.3.1/../../../../pic32mx/lib/fpu64\libstdc++.a(eh_exception.o) (vtable for __cxxabiv1::__si_class_type_info)
c:/program files/microchip/xc32/v4.45/bin/bin/../../lib/gcc/pic32mx/8.3.1/../../../../pic32mx/lib/fpu64\libstdc++.a(eh_unex_handler.o)
                              c:/program files/microchip/xc32/v4.45/bin/bin/../../lib/gcc/pic32mx/8.3.1/../../../../pic32mx/lib/fpu64\libstdc++.a(eh_terminate.o) (__cxxabiv1::__unexpected_handler)
c:/program files/microchip/xc32/v4.45/bin/bin/../../lib/gcc/pic32mx/8.3.1/../../../../pic32mx/lib/fpu64\libstdc++.a(eh_call.o)
                              c:/program files/microchip/xc32/v4.45/bin/bin/../../lib/gcc/pic32mx/8.3.1/../../../../pic32mx/lib/fpu64\libstdc++.a(eh_personality.o) (__cxa_call_terminate)
c:/program files/microchip/xc32/v4.45/bin/bin/../../lib/gcc/pic32mx/8.3.1/../../../../pic32mx/lib/fpu64\libstdc++.a(new_handler.o)
                              c:/program files/microchip/xc32/v4.45/bin/bin/../../lib/gcc/pic32mx/8.3.1/../../../../pic32mx/lib/fpu64\libstdc++.a(new_op.o) (std::get_new_handler())
[...]
Memory Configuration

Name             Origin             Length             Attributes
kseg0_data_mem   0x0000000080000000 0x0000000000010000 w !x
kseg1_data_mem   0x00000000a0000000 0x0000000000000370
kseg0_program_mem 0x000000009d000000 0x0000000000080000 xr
kseg0_boot_mem   0x000000009fc04490 0x0000000000000000
debug_exec_mem   0x000000009fc04490 0x0000000000000b70
kseg1_boot_mem   0x00000000bfc00000 0x0000000000000480
kseg1_boot_mem_4B0 0x00000000bfc004b0 0x0000000000003a80
config_BFC03F40  0x00000000bfc03f40 0x0000000000000004
config_BFC03F44  0x00000000bfc03f44 0x0000000000000004
config_BFC03F48  0x00000000bfc03f48 0x0000000000000004
config_BFC03F4C  0x00000000bfc03f4c 0x0000000000000004
config_BFC03F5C  0x00000000bfc03f5c 0x0000000000000004
config_BFC03F6C  0x00000000bfc03f6c 0x0000000000000004
config_BFC03F70  0x00000000bfc03f70 0x0000000000000004
config_BFC03FC0  0x00000000bfc03fc0 0x0000000000000004
config_BFC03FC4  0x00000000bfc03fc4 0x0000000000000004
config_BFC03FC8  0x00000000bfc03fc8 0x0000000000000004
config_BFC03FCC  0x00000000bfc03fcc 0x0000000000000004
config_BFC03FDC  0x00000000bfc03fdc 0x0000000000000004
config_BFC03FEC  0x00000000bfc03fec 0x0000000000000004
config_BFC03FF0  0x00000000bfc03ff0 0x0000000000000004
lowerbootaliaslastpage 0x00000000bfc04000 0x0000000000001000
boot1            0x00000000bfc40000 0x0000000000003f30
config_BFC43F40  0x00000000bfc43f40 0x0000000000000004
config_BFC43F44  0x00000000bfc43f44 0x0000000000000004
config_BFC43F48  0x00000000bfc43f48 0x0000000000000004
config_BFC43F4C  0x00000000bfc43f4c 0x0000000000000004
config_BFC43F5C  0x00000000bfc43f5c 0x0000000000000004
config_BFC43F6C  0x00000000bfc43f6c 0x0000000000000004
config_BFC43F70  0x00000000bfc43f70 0x0000000000000004
config_BFC43FC0  0x00000000bfc43fc0 0x0000000000000004
config_BFC43FC4  0x00000000bfc43fc4 0x0000000000000004
config_BFC43FC8  0x00000000bfc43fc8 0x0000000000000004
config_BFC43FCC  0x00000000bfc43fcc 0x0000000000000004
config_BFC43FDC  0x00000000bfc43fdc 0x0000000000000004
config_BFC43FEC  0x00000000bfc43fec 0x0000000000000004
config_BFC43FF0  0x00000000bfc43ff0 0x0000000000000004
boot1lastpage    0x00000000bfc44000 0x0000000000001000
config_BFC45000  0x00000000bfc45000 0x0000000000000004
config_BFC45004  0x00000000bfc45004 0x0000000000000004
config_BFC45008  0x00000000bfc45008 0x0000000000000004
config_BFC4500C  0x00000000bfc4500c 0x0000000000000004
config_BFC45010  0x00000000bfc45010 0x0000000000000004
config_BFC45014  0x00000000bfc45014 0x0000000000000004
config_BFC45018  0x00000000bfc45018 0x0000000000000004
config_BFC45020  0x00000000bfc45020 0x0000000000000004
config_BFC45024  0x00000000bfc45024 0x0000000000000004
config_BFC45028  0x00000000bfc45028 0x0000000000000004
config_BFC4502C  0x00000000bfc4502c 0x0000000000000004
sfrs             0x00000000bf800000 0x0000000000100000
configsfrs_BFC03F30 0x00000000bfc03f30 0x000000000000001c
configsfrs_BFC03FB0 0x00000000bfc03fb0 0x000000000000001c
configsfrs_BFC43F30 0x00000000bfc43f30 0x000000000000001c
configsfrs_BFC43FB0 0x00000000bfc43fb0 0x000000000000001c
configsfrs_BFC45000 0x00000000bfc45000 0x000000000000001c
configsfrs_BFC45020 0x00000000bfc45020 0x0000000000000010
*default*        0x0000000000000000 0xffffffffffffffff

Linker script and memory map


reserve_data_0_kseg0
                0x0000000080000000      0x370
                0x0000000080000000        0x2 SHORT 0x0
                0x0000000000000370                . = 0x370
 *fill*         0x0000000080000002      0x36e 
                0x0000000080000370                . = ALIGN (0x4)

reserve_data_0_kseg1
                0x00000000a0000000      0x370
                0x00000000a0000000        0x2 SHORT 0x0
                0x0000000000000370                . = 0x370
 *fill*         0x00000000a0000002      0x36e 
                0x00000000a0000370                . = ALIGN (0x4)
LOAD c:/program files/microchip/xc32/v4.45/bin/bin/../../lib/gcc/pic32mx/8.3.1/fpu64/crti.o
LOAD c:/program files/microchip/xc32/v4.45/bin/bin/../../lib/gcc/pic32mx/8.3.1/fpu64/crtbegin.o
LOAD build/default/debug/_ext/1982400153/plib_adchs.o
LOAD build/default/debug/_ext/1984168316/plib_canfd1.o
LOAD build/default/debug/_ext/60165520/plib_clk.o
LOAD build/default/debug/_ext/1865200349/plib_evic.o
LOAD build/default/debug/_ext/1865254177/plib_gpio.o
LOAD build/default/debug/_ext/1993465566/plib_mcpwm.o
LOAD build/default/debug/_ext/60181895/plib_tmr2.o
LOAD build/default/debug/_ext/1865638794/plib_tmr1.o
LOAD build/default/debug/_ext/1865657120/plib_uart1.o
LOAD build/default/debug/_ext/163028504/xc32_monitor.o
LOAD build/default/debug/_ext/1171490990/initialization.o
LOAD build/default/debug/_ext/1171490990/interrupts.o
LOAD build/default/debug/_ext/1171490990/exceptions.o
LOAD build/default/debug/Use_UART1.o
LOAD build/default/debug/Use_TMR1.o
LOAD build/default/debug/Use_GPIO.o
LOAD build/default/debug/SLBL_System.o
LOAD build/default/debug/_ext/1360937237/main.o
LOAD build/default/debug/SLBL_IPD.o
LOAD build/default/debug/SLBL_OpenLoop.o
LOAD build/default/debug/Use_ADC.o
                0x0000000000000001                __MPLAB_BUILD = 0x1
                0x0000000000000400                PROVIDE (_min_stack_size = 0x400)
START GROUP
LOAD vector_offset_init.o
END GROUP
                0x0000000000000001                PROVIDE (_vector_spacing = 0x1)
                0x000000009d000000                PROVIDE (_ebase_address = 0x9d000000)
                0x00000000bfc00000                _RESET_ADDR = 0xbfc00000
                0x00000000bfc00380                _BEV_EXCPT_ADDR = 0xbfc00380
                0x00000000bfc00480                _DBG_EXCPT_ADDR = 0xbfc00480
                0x000000009d000000                _SIMPLE_TLB_REFILL_EXCPT_ADDR = (_ebase_address + 0x0)
                0x000000009d000180                _GEN_EXCPT_ADDR = (_ebase_address + 0x180)

.config_BFC03F40
 *(.config_BFC03F40)

.config_BFC03F44
 *(.config_BFC03F44)

.config_BFC03F48
 *(.config_BFC03F48)

.config_BFC03F4C
 *(.config_BFC03F4C)

.config_BFC03F5C
 *(.config_BFC03F5C)

.config_BFC03F6C
 *(.config_BFC03F6C)

.config_BFC03F70
 *(.config_BFC03F70)

.config_BFC03FC0
 *(.config_BFC03FC0)

.config_BFC03FC4
 *(.config_BFC03FC4)

.config_BFC03FC8
 *(.config_BFC03FC8)

.config_BFC03FCC
 *(.config_BFC03FCC)

.config_BFC03FDC
 *(.config_BFC03FDC)

.config_BFC03FEC
 *(.config_BFC03FEC)

.config_BFC03FF0
 *(.config_BFC03FF0)

.config_BFC43F40
 *(.config_BFC43F40)

.config_BFC43F44
 *(.config_BFC43F44)

.config_BFC43F48
 *(.config_BFC43F48)

.config_BFC43F4C
 *(.config_BFC43F4C)

.config_BFC43F5C
 *(.config_BFC43F5C)

.config_BFC43F6C
 *(.config_BFC43F6C)

.config_BFC43F70
 *(.config_BFC43F70)

.config_BFC43FC0
 *(.config_BFC43FC0)

.config_BFC43FC4
 *(.config_BFC43FC4)

.config_BFC43FC8
 *(.config_BFC43FC8)

.config_BFC43FCC
 *(.config_BFC43FCC)

.config_BFC43FDC
 *(.config_BFC43FDC)

.config_BFC43FEC
 *(.config_BFC43FEC)

.config_BFC43FF0
 *(.config_BFC43FF0)

.config_BFC45000
 *(.config_BFC45000)

.config_BFC45004
 *(.config_BFC45004)

.config_BFC45008
 *(.config_BFC45008)

.config_BFC4500C
 *(.config_BFC4500C)

.config_BFC45010
 *(.config_BFC45010)

.config_BFC45014
 *(.config_BFC45014)

.config_BFC45018
 *(.config_BFC45018)

.config_BFC45020
 *(.config_BFC45020)

.config_BFC45024
 *(.config_BFC45024)

.config_BFC45028
 *(.config_BFC45028)

.config_BFC4502C
 *(.config_BFC4502C)

.reset          0x00000000bfc00000      0x194
 *(.reset)
 .reset         0x00000000bfc00000       0x18 C:\Users\0_hayate\AppData\Local\Temp\ccSxHoLD.o
                0x00000000bfc00000                _reset
 *(.reset.startup)
 .reset.startup
                0x00000000bfc00018      0x17c C:\Users\0_hayate\AppData\Local\Temp\ccSxHoLD.o
                0x00000000bfc00018                _startup

.bev_excpt      0x00000000bfc00380       0x10
 *(.bev_handler)
 .bev_handler   0x00000000bfc00380       0x10 C:\Users\0_hayate\AppData\Local\Temp\ccSxHoLD.o

.app_excpt      0x000000009d000180       0x10
 *(.gen_handler)
 .gen_handler   0x000000009d000180       0x10 C:\Users\0_hayate\AppData\Local\Temp\ccSxHoLD.o

.vectors        0x000000009d000200       0x90
                0x000000009d000200                . = ALIGN (0x4)
                0x0000000000000248                __vector_offset_0 = DEFINED (__vector_dispatch_0)?(. - _ebase_address):__vector_offset_default
 *(.vector_0)
                0x000000009d000200                . = ALIGN (0x4)
                0x0000000000000248                __vector_offset_1 = DEFINED (__vector_dispatch_1)?(. - _ebase_address):__vector_offset_default
 *(.vector_1)
                0x000000009d000200                . = ALIGN (0x4)
                0x0000000000000248                __vector_offset_2 = DEFINED (__vector_dispatch_2)?(. - _ebase_address):__vector_offset_default
 *(.vector_2)
                0x000000009d000200                . = ALIGN (0x4)
                0x0000000000000248                __vector_offset_3 = DEFINED (__vector_dispatch_3)?(. - _ebase_address):__vector_offset_default
 *(.vector_3)
                0x000000009d000200                . = ALIGN (0x4)
                0x0000000000000200                __vector_offset_4 = DEFINED (__vector_dispatch_4)?(. - _ebase_address):__vector_offset_default
 *(.vector_4)
 .vector_4      0x000000009d000200        0x8 build/default/debug/_ext/1171490990/interrupts.o
                0x000000009d000200                __vector_dispatch_4
                0x000000009d000208                . = ALIGN (0x4)
                0x0000000000000248                __vector_offset_5 = DEFINED (__vector_dispatch_5)?(. - _ebase_address):__vector_offset_default
 *(.vector_5)
                0x000000009d000208                . = ALIGN (0x4)
                0x0000000000000248                __vector_offset_6 = DEFINED (__vector_dispatch_6)?(. - _ebase_address):__vector_offset_default
 *(.vector_6)
                0x000000009d000208                . = ALIGN (0x4)
                0x0000000000000248                __vector_offset_7 = DEFINED (__vector_dispatch_7)?(. - _ebase_address):__vector_offset_default
 *(.vector_7)
                0x000000009d000208                . = ALIGN (0x4)
                0x0000000000000248                __vector_offset_8 = DEFINED (__vector_dispatch_8)?(. - _ebase_address):__vector_offset_default
 *(.vector_8)
                0x000000009d000208                . = ALIGN (0x4)
                0x0000000000000208                __vector_offset_9 = DEFINED (__vector_dispatch_9)?(. - _ebase_address):__vector_offset_default
 *(.vector_9)
 .vector_9      0x000000009d000208        0x8 build/default/debug/_ext/1171490990/interrupts.o
                0x000000009d000208                __vector_dispatch_9
                0x000000009d000210                . = ALIGN (0x4)
                0x0000000000000248                __vector_offset_10 = DEFINED (__vector_dispatch_10)?(. - _ebase_address):__vector_offset_default
 *(.vector_10)
                0x000000009d000210                . = ALIGN (0x4)
                0x0000000000000248                __vector_offset_11 = DEFINED (__vector_dispatch_11)?(. - _ebase_address):__vector_offset_default
 *(.vector_11)
                0x000000009d000210                . = ALIGN (0x4)
                0x0000000000000248                __vector_offset_12 = DEFINED (__vector_dispatch_12)?(. - _ebase_address):__vector_offset_default
 *(.vector_12)
                0x000000009d000210                . = ALIGN (0x4)
                0x0000000000000248                __vector_offset_13 = DEFINED (__vector_dispatch_13)?(. - _ebase_address):__vector_offset_default
 *(.vector_13)
                0x000000009d000210                . = ALIGN (0x4)
                0x0000000000000248                __vector_offset_14 = DEFINED (__vector_dispatch_14)?(. - _ebase_address):__vector_offset_default
 *(.vector_14)
                0x000000009d000210                . = ALIGN (0x4)
                0x0000000000000248                __vector_offset_15 = DEFINED (__vector_dispatch_15)?(. - _ebase_address):__vector_offset_default
 *(.vector_15)
                0x000000009d000210                . = ALIGN (0x4)
                0x0000000000000248                __vector_offset_16 = DEFINED (__vector_dispatch_16)?(. - _ebase_address):__vector_offset_default
 *(.vector_16)
                0x000000009d000210                . = ALIGN (0x4)
                0x0000000000000248                __vector_offset_17 = DEFINED (__vector_dispatch_17)?(. - _ebase_address):__vector_offset_default
 *(.vector_17)
                0x000000009d000210                . = ALIGN (0x4)
                0x0000000000000248                __vector_offset_18 = DEFINED (__vector_dispatch_18)?(. - _ebase_address):__vector_offset_default
 *(.vector_18)
                0x000000009d000210                . = ALIGN (0x4)
                0x0000000000000248                __vector_offset_19 = DEFINED (__vector_dispatch_19)?(. - _ebase_address):__vector_offset_default
 *(.vector_19)
                0x000000009d000210                . = ALIGN (0x4)
                0x0000000000000248                __vector_offset_20 = DEFINED (__vector_dispatch_20)?(. - _ebase_address):__vector_offset_default
 *(.vector_20)
                0x000000009d000210                . = ALIGN (0x4)
                0x0000000000000248                __vector_offset_21 = DEFINED (__vector_dispatch_21)?(. - _ebase_address):__vector_offset_default
 *(.vector_21)
                0x000000009d000210                . = ALIGN (0x4)
                0x0000000000000248                __vector_offset_22 = DEFINED (__vector_dispatch_22)?(. - _ebase_address):__vector_offset_default
 *(.vector_22)
                0x000000009d000210                . = ALIGN (0x4)
                0x0000000000000248                __vector_offset_23 = DEFINED (__vector_dispatch_23)?(. - _ebase_address):__vector_offset_default
 *(.vector_23)
                0x000000009d000210                . = ALIGN (0x4)
                0x0000000000000248                __vector_offset_24 = DEFINED (__vector_dispatch_24)?(. - _ebase_address):__vector_offset_default
 *(.vector_24)
                0x000000009d000210                . = ALIGN (0x4)
                0x0000000000000248                __vector_offset_25 = DEFINED (__vector_dispatch_25)?(. - _ebase_address):__vector_offset_default
 *(.vector_25)
                0x000000009d000210                . = ALIGN (0x4)
                0x0000000000000248                __vector_offset_26 = DEFINED (__vector_dispatch_26)?(. - _ebase_address):__vector_offset_default
 *(.vector_26)
                0x000000009d000210                . = ALIGN (0x4)
                0x0000000000000248                __vector_offset_27 = DEFINED (__vector_dispatch_27)?(. - _ebase_address):__vector_offset_default
 *(.vector_27)
                0x000000009d000210                . = ALIGN (0x4)
                0x0000000000000248                __vector_offset_28 = DEFINED (__vector_dispatch_28)?(. - _ebase_address):__vector_offset_default
 *(.vector_28)
                0x000000009d000210                . = ALIGN (0x4)
                0x0000000000000248                __vector_offset_29 = DEFINED (__vector_dispatch_29)?(. - _ebase_address):__vector_offset_default
 *(.vector_29)
                0x000000009d000210                . = ALIGN (0x4)
                0x0000000000000248                __vector_offset_30 = DEFINED (__vector_dispatch_30)?(. - _ebase_address):__vector_offset_default
 *(.vector_30)
                0x000000009d000210                . = ALIGN (0x4)
                0x0000000000000248                __vector_offset_31 = DEFINED (__vector_dispatch_31)?(. - _ebase_address):__vector_offset_default
 *(.vector_31)
                0x000000009d000210                . = ALIGN (0x4)
                0x0000000000000248                __vector_offset_32 = DEFINED (__vector_dispatch_32)?(. - _ebase_address):__vector_offset_default
 *(.vector_32)
                0x000000009d000210                . = ALIGN (0x4)
                0x0000000000000248                __vector_offset_33 = DEFINED (__vector_dispatch_33)?(. - _ebase_address):__vector_offset_default
 *(.vector_33)
                0x000000009d000210                . = ALIGN (0x4)
                0x0000000000000248                __vector_offset_34 = DEFINED (__vector_dispatch_34)?(. - _ebase_address):__vector_offset_default
 *(.vector_34)
                0x000000009d000210                . = ALIGN (0x4)
                0x0000000000000248                __vector_offset_35 = DEFINED (__vector_dispatch_35)?(. - _ebase_address):__vector_offset_default
 *(.vector_35)
                0x000000009d000210                . = ALIGN (0x4)
                0x0000000000000248                __vector_offset_36 = DEFINED (__vector_dispatch_36)?(. - _ebase_address):__vector_offset_default
 *(.vector_36)
                0x000000009d000210                . = ALIGN (0x4)
                0x0000000000000248                __vector_offset_37 = DEFINED (__vector_dispatch_37)?(. - _ebase_address):__vector_offset_default
 *(.vector_37)
                0x000000009d000210                . = ALIGN (0x4)
                0x0000000000000210                __vector_offset_38 = DEFINED (__vector_dispatch_38)?(. - _ebase_address):__vector_offset_default
 *(.vector_38)
 .vector_38     0x000000009d000210        0x8 build/default/debug/_ext/1171490990/interrupts.o
                0x000000009d000210                __vector_dispatch_38
                0x000000009d000218                . = ALIGN (0x4)
                0x0000000000000218                __vector_offset_39 = DEFINED (__vector_dispatch_39)?(. - _ebase_address):__vector_offset_default
 *(.vector_39)
 .vector_39     0x000000009d000218        0x8 build/default/debug/_ext/1171490990/interrupts.o
                0x000000009d000218                __vector_dispatch_39
                0x000000009d000220                . = ALIGN (0x4)
                0x0000000000000220                __vector_offset_40 = DEFINED (__vector_dispatch_40)?(. - _ebase_address):__vector_offset_default
 *(.vector_40)
 .vector_40     0x000000009d000220        0x8 build/default/debug/_ext/1171490990/interrupts.o
                0x000000009d000220                __vector_dispatch_40
                0x000000009d000228                . = ALIGN (0x4)
                0x0000000000000248                __vector_offset_41 = DEFINED (__vector_dispatch_41)?(. - _ebase_address):__vector_offset_default
 *(.vector_41)
                0x000000009d000228                . = ALIGN (0x4)
                0x0000000000000248                __vector_offset_42 = DEFINED (__vector_dispatch_42)?(. - _ebase_address):__vector_offset_default
 *(.vector_42)
                0x000000009d000228                . = ALIGN (0x4)
                0x0000000000000248                __vector_offset_43 = DEFINED (__vector_dispatch_43)?(. - _ebase_address):__vector_offset_default
 *(.vector_43)
                0x000000009d000228                . = ALIGN (0x4)
                0x0000000000000248                __vector_offset_44 = DEFINED (__vector_dispatch_44)?(. - _ebase_address):__vector_offset_default
 *(.vector_44)
                0x000000009d000228                . = ALIGN (0x4)
                0x0000000000000248                __vector_offset_45 = DEFINED (__vector_dispatch_45)?(. - _ebase_address):__vector_offset_default
 *(.vector_45)
                0x000000009d000228                . = ALIGN (0x4)
                0x0000000000000248                __vector_offset_46 = DEFINED (__vector_dispatch_46)?(. - _ebase_address):__vector_offset_default
 *(.vector_46)
                0x000000009d000228                . = ALIGN (0x4)
                0x0000000000000228                __vector_offset_47 = DEFINED (__vector_dispatch_47)?(. - _ebase_address):__vector_offset_default
 *(.vector_47)
 .vector_47     0x000000009d000228        0x8 build/default/debug/_ext/1171490990/interrupts.o
                0x000000009d000228                __vector_dispatch_47
                0x000000009d000230                . = ALIGN (0x4)
                0x0000000000000248                __vector_offset_48 = DEFINED (__vector_dispatch_48)?(. - _ebase_address):__vector_offset_default
 *(.vector_48)
                0x000000009d000230                . = ALIGN (0x4)
                0x0000000000000248                __vector_offset_49 = DEFINED (__vector_dispatch_49)?(. - _ebase_address):__vector_offset_default
 *(.vector_49)
                0x000000009d000230                . = ALIGN (0x4)
                0x0000000000000248                __vector_offset_50 = DEFINED (__vector_dispatch_50)?(. - _ebase_address):__vector_offset_default
 *(.vector_50)
                0x000000009d000230                . = ALIGN (0x4)
                0x0000000000000248                __vector_offset_51 = DEFINED (__vector_dispatch_51)?(. - _ebase_address):__vector_offset_default
 *(.vector_51)
                0x000000009d000230                . = ALIGN (0x4)
                0x0000000000000248                __vector_offset_52 = DEFINED (__vector_dispatch_52)?(. - _ebase_address):__vector_offset_default
 *(.vector_52)
                0x000000009d000230                . = ALIGN (0x4)
                0x0000000000000248                __vector_offset_53 = DEFINED (__vector_dispatch_53)?(. - _ebase_address):__vector_offset_default
 *(.vector_53)
                0x000000009d000230                . = ALIGN (0x4)
                0x0000000000000248                __vector_offset_54 = DEFINED (__vector_dispatch_54)?(. - _ebase_address):__vector_offset_default
 *(.vector_54)
                0x000000009d000230                . = ALIGN (0x4)
                0x0000000000000248                __vector_offset_55 = DEFINED (__vector_dispatch_55)?(. - _ebase_address):__vector_offset_default
 *(.vector_55)
                0x000000009d000230                . = ALIGN (0x4)
                0x0000000000000248                __vector_offset_56 = DEFINED (__vector_dispatch_56)?(. - _ebase_address):__vector_offset_default
 *(.vector_56)
                0x000000009d000230                . = ALIGN (0x4)
                0x0000000000000248                __vector_offset_57 = DEFINED (__vector_dispatch_57)?(. - _ebase_address):__vector_offset_default
 *(.vector_57)
                0x000000009d000230                . = ALIGN (0x4)
                0x0000000000000248                __vector_offset_58 = DEFINED (__vector_dispatch_58)?(. - _ebase_address):__vector_offset_default
 *(.vector_58)
                0x000000009d000230                . = ALIGN (0x4)
                0x0000000000000248                __vector_offset_59 = DEFINED (__vector_dispatch_59)?(. - _ebase_address):__vector_offset_default
 *(.vector_59)
                0x000000009d000230                . = ALIGN (0x4)
                0x0000000000000248                __vector_offset_60 = DEFINED (__vector_dispatch_60)?(. - _ebase_address):__vector_offset_default
 *(.vector_60)
                0x000000009d000230                . = ALIGN (0x4)
                0x0000000000000248                __vector_offset_61 = DEFINED (__vector_dispatch_61)?(. - _ebase_address):__vector_offset_default
 *(.vector_61)
                0x000000009d000230                . = ALIGN (0x4)
                0x0000000000000248                __vector_offset_62 = DEFINED (__vector_dispatch_62)?(. - _ebase_address):__vector_offset_default
 *(.vector_62)
                0x000000009d000230                . = ALIGN (0x4)
                0x0000000000000248                __vector_offset_63 = DEFINED (__vector_dispatch_63)?(. - _ebase_address):__vector_offset_default
 *(.vector_63)
                0x000000009d000230                . = ALIGN (0x4)
                0x0000000000000248                __vector_offset_64 = DEFINED (__vector_dispatch_64)?(. - _ebase_address):__vector_offset_default
 *(.vector_64)
                0x000000009d000230                . = ALIGN (0x4)
                0x0000000000000248                __vector_offset_65 = DEFINED (__vector_dispatch_65)?(. - _ebase_address):__vector_offset_default
 *(.vector_65)
                0x000000009d000230                . = ALIGN (0x4)
                0x0000000000000248                __vector_offset_66 = DEFINED (__vector_dispatch_66)?(. - _ebase_address):__vector_offset_default
 *(.vector_66)
                0x000000009d000230                . = ALIGN (0x4)
                0x0000000000000248                __vector_offset_67 = DEFINED (__vector_dispatch_67)?(. - _ebase_address):__vector_offset_default
 *(.vector_67)
                0x000000009d000230                . = ALIGN (0x4)
                0x0000000000000248                __vector_offset_68 = DEFINED (__vector_dispatch_68)?(. - _ebase_address):__vector_offset_default
 *(.vector_68)
                0x000000009d000230                . = ALIGN (0x4)
                0x0000000000000248                __vector_offset_69 = DEFINED (__vector_dispatch_69)?(. - _ebase_address):__vector_offset_default
 *(.vector_69)
                0x000000009d000230                . = ALIGN (0x4)
                0x0000000000000248                __vector_offset_70 = DEFINED (__vector_dispatch_70)?(. - _ebase_address):__vector_offset_default
 *(.vector_70)
                0x000000009d000230                . = ALIGN (0x4)
                0x0000000000000248                __vector_offset_71 = DEFINED (__vector_dispatch_71)?(. - _ebase_address):__vector_offset_default
 *(.vector_71)
                0x000000009d000230                . = ALIGN (0x4)
                0x0000000000000248                __vector_offset_72 = DEFINED (__vector_dispatch_72)?(. - _ebase_address):__vector_offset_default
 *(.vector_72)
                0x000000009d000230                . = ALIGN (0x4)
                0x0000000000000248                __vector_offset_73 = DEFINED (__vector_dispatch_73)?(. - _ebase_address):__vector_offset_default
 *(.vector_73)
                0x000000009d000230                . = ALIGN (0x4)
                0x0000000000000248                __vector_offset_74 = DEFINED (__vector_dispatch_74)?(. - _ebase_address):__vector_offset_default
 *(.vector_74)
                0x000000009d000230                . = ALIGN (0x4)
                0x0000000000000248                __vector_offset_75 = DEFINED (__vector_dispatch_75)?(. - _ebase_address):__vector_offset_default
 *(.vector_75)
                0x000000009d000230                . = ALIGN (0x4)
                0x0000000000000248                __vector_offset_76 = DEFINED (__vector_dispatch_76)?(. - _ebase_address):__vector_offset_default
 *(.vector_76)
                0x000000009d000230                . = ALIGN (0x4)
                0x0000000000000248                __vector_offset_77 = DEFINED (__vector_dispatch_77)?(. - _ebase_address):__vector_offset_default
 *(.vector_77)
                0x000000009d000230                . = ALIGN (0x4)
                0x0000000000000248                __vector_offset_78 = DEFINED (__vector_dispatch_78)?(. - _ebase_address):__vector_offset_default
 *(.vector_78)
                0x000000009d000230                . = ALIGN (0x4)
                0x0000000000000248                __vector_offset_79 = DEFINED (__vector_dispatch_79)?(. - _ebase_address):__vector_offset_default
 *(.vector_79)
                0x000000009d000230                . = ALIGN (0x4)
                0x0000000000000248                __vector_offset_80 = DEFINED (__vector_dispatch_80)?(. - _ebase_address):__vector_offset_default
 *(.vector_80)
                0x000000009d000230                . = ALIGN (0x4)
                0x0000000000000248                __vector_offset_81 = DEFINED (__vector_dispatch_81)?(. - _ebase_address):__vector_offset_default
 *(.vector_81)
                0x000000009d000230                . = ALIGN (0x4)
                0x0000000000000248                __vector_offset_82 = DEFINED (__vector_dispatch_82)?(. - _ebase_address):__vector_offset_default
 *(.vector_82)
                0x000000009d000230                . = ALIGN (0x4)
                0x0000000000000248                __vector_offset_83 = DEFINED (__vector_dispatch_83)?(. - _ebase_address):__vector_offset_default
 *(.vector_83)
                0x000000009d000230                . = ALIGN (0x4)
                0x0000000000000248                __vector_offset_84 = DEFINED (__vector_dispatch_84)?(. - _ebase_address):__vector_offset_default
 *(.vector_84)
                0x000000009d000230                . = ALIGN (0x4)
                0x0000000000000248                __vector_offset_85 = DEFINED (__vector_dispatch_85)?(. - _ebase_address):__vector_offset_default
 *(.vector_85)
                0x000000009d000230                . = ALIGN (0x4)
                0x0000000000000248                __vector_offset_86 = DEFINED (__vector_dispatch_86)?(. - _ebase_address):__vector_offset_default
 *(.vector_86)
                0x000000009d000230                . = ALIGN (0x4)
                0x0000000000000248                __vector_offset_87 = DEFINED (__vector_dispatch_87)?(. - _ebase_address):__vector_offset_default
 *(.vector_87)
                0x000000009d000230                . = ALIGN (0x4)
                0x0000000000000248                __vector_offset_88 = DEFINED (__vector_dispatch_88)?(. - _ebase_address):__vector_offset_default
 *(.vector_88)
                0x000000009d000230                . = ALIGN (0x4)
                0x0000000000000248                __vector_offset_89 = DEFINED (__vector_dispatch_89)?(. - _ebase_address):__vector_offset_default
 *(.vector_89)
                0x000000009d000230                . = ALIGN (0x4)
                0x0000000000000248                __vector_offset_90 = DEFINED (__vector_dispatch_90)?(. - _ebase_address):__vector_offset_default
 *(.vector_90)
                0x000000009d000230                . = ALIGN (0x4)
                0x0000000000000248                __vector_offset_91 = DEFINED (__vector_dispatch_91)?(. - _ebase_address):__vector_offset_default
 *(.vector_91)
                0x000000009d000230                . = ALIGN (0x4)
                0x0000000000000248                __vector_offset_92 = DEFINED (__vector_dispatch_92)?(. - _ebase_address):__vector_offset_default
 *(.vector_92)
                0x000000009d000230                . = ALIGN (0x4)
                0x0000000000000248                __vector_offset_93 = DEFINED (__vector_dispatch_93)?(. - _ebase_address):__vector_offset_default
 *(.vector_93)
                0x000000009d000230                . = ALIGN (0x4)
                0x0000000000000230                __vector_offset_94 = DEFINED (__vector_dispatch_94)?(. - _ebase_address):__vector_offset_default
 *(.vector_94)
 .vector_94     0x000000009d000230        0x8 build/default/debug/_ext/1171490990/interrupts.o
                0x000000009d000230                __vector_dispatch_94
                0x000000009d000238                . = ALIGN (0x4)
                0x0000000000000248                __vector_offset_95 = DEFINED (__vector_dispatch_95)?(. - _ebase_address):__vector_offset_default
 *(.vector_95)
                0x000000009d000238                . = ALIGN (0x4)
                0x0000000000000248                __vector_offset_96 = DEFINED (__vector_dispatch_96)?(. - _ebase_address):__vector_offset_default
 *(.vector_96)
                0x000000009d000238                . = ALIGN (0x4)
                0x0000000000000248                __vector_offset_97 = DEFINED (__vector_dispatch_97)?(. - _ebase_address):__vector_offset_default
 *(.vector_97)
                0x000000009d000238                . = ALIGN (0x4)
                0x0000000000000248                __vector_offset_98 = DEFINED (__vector_dispatch_98)?(. - _ebase_address):__vector_offset_default
 *(.vector_98)
                0x000000009d000238                . = ALIGN (0x4)
                0x0000000000000248                __vector_offset_99 = DEFINED (__vector_dispatch_99)?(. - _ebase_address):__vector_offset_default
 *(.vector_99)
                0x000000009d000238                . = ALIGN (0x4)
                0x0000000000000248                __vector_offset_100 = DEFINED (__vector_dispatch_100)?(. - _ebase_address):__vector_offset_default
 *(.vector_100)
                0x000000009d000238                . = ALIGN (0x4)
                0x0000000000000248                __vector_offset_101 = DEFINED (__vector_dispatch_101)?(. - _ebase_address):__vector_offset_default
 *(.vector_101)
                0x000000009d000238                . = ALIGN (0x4)
                0x0000000000000248                __vector_offset_102 = DEFINED (__vector_dispatch_102)?(. - _ebase_address):__vector_offset_default
 *(.vector_102)
                0x000000009d000238                . = ALIGN (0x4)
                0x0000000000000248                __vector_offset_103 = DEFINED (__vector_dispatch_103)?(. - _ebase_address):__vector_offset_default
 *(.vector_103)
                0x000000009d000238                . = ALIGN (0x4)
                0x0000000000000248                __vector_offset_104 = DEFINED (__vector_dispatch_104)?(. - _ebase_address):__vector_offset_default
 *(.vector_104)
                0x000000009d000238                . = ALIGN (0x4)
                0x0000000000000248                __vector_offset_105 = DEFINED (__vector_dispatch_105)?(. - _ebase_address):__vector_offset_default
 *(.vector_105)
                0x000000009d000238                . = ALIGN (0x4)
                0x0000000000000248                __vector_offset_106 = DEFINED (__vector_dispatch_106)?(. - _ebase_address):__vector_offset_default
 *(.vector_106)
                0x000000009d000238                . = ALIGN (0x4)
                0x0000000000000248                __vector_offset_107 = DEFINED (__vector_dispatch_107)?(. - _ebase_address):__vector_offset_default
 *(.vector_107)
                0x000000009d000238                . = ALIGN (0x4)
                0x0000000000000248                __vector_offset_108 = DEFINED (__vector_dispatch_108)?(. - _ebase_address):__vector_offset_default
 *(.vector_108)
                0x000000009d000238                . = ALIGN (0x4)
                0x0000000000000248                __vector_offset_109 = DEFINED (__vector_dispatch_109)?(. - _ebase_address):__vector_offset_default
 *(.vector_109)
                0x000000009d000238                . = ALIGN (0x4)
                0x0000000000000248                __vector_offset_110 = DEFINED (__vector_dispatch_110)?(. - _ebase_address):__vector_offset_default
 *(.vector_110)
                0x000000009d000238                . = ALIGN (0x4)
                0x0000000000000248                __vector_offset_111 = DEFINED (__vector_dispatch_111)?(. - _ebase_address):__vector_offset_default
 *(.vector_111)
                0x000000009d000238                . = ALIGN (0x4)
                0x0000000000000248                __vector_offset_112 = DEFINED (__vector_dispatch_112)?(. - _ebase_address):__vector_offset_default
 *(.vector_112)
                0x000000009d000238                . = ALIGN (0x4)
                0x0000000000000248                __vector_offset_113 = DEFINED (__vector_dispatch_113)?(. - _ebase_address):__vector_offset_default
 *(.vector_113)
                0x000000009d000238                . = ALIGN (0x4)
                0x0000000000000248                __vector_offset_114 = DEFINED (__vector_dispatch_114)?(. - _ebase_address):__vector_offset_default
 *(.vector_114)
                0x000000009d000238                . = ALIGN (0x4)
                0x0000000000000248                __vector_offset_115 = DEFINED (__vector_dispatch_115)?(. - _ebase_address):__vector_offset_default
 *(.vector_115)
                0x000000009d000238                . = ALIGN (0x4)
                0x0000000000000248                __vector_offset_116 = DEFINED (__vector_dispatch_116)?(. - _ebase_address):__vector_offset_default
 *(.vector_116)
                0x000000009d000238                . = ALIGN (0x4)
                0x0000000000000248                __vector_offset_117 = DEFINED (__vector_dispatch_117)?(. - _ebase_address):__vector_offset_default
 *(.vector_117)
                0x000000009d000238                . = ALIGN (0x4)
                0x0000000000000248                __vector_offset_118 = DEFINED (__vector_dispatch_118)?(. - _ebase_address):__vector_offset_default
 *(.vector_118)
                0x000000009d000238                . = ALIGN (0x4)
                0x0000000000000248                __vector_offset_119 = DEFINED (__vector_dispatch_119)?(. - _ebase_address):__vector_offset_default
 *(.vector_119)
                0x000000009d000238                . = ALIGN (0x4)
                0x0000000000000248                __vector_offset_120 = DEFINED (__vector_dispatch_120)?(. - _ebase_address):__vector_offset_default
 *(.vector_120)
                0x000000009d000238                . = ALIGN (0x4)
                0x0000000000000248                __vector_offset_121 = DEFINED (__vector_dispatch_121)?(. - _ebase_address):__vector_offset_default
 *(.vector_121)
                0x000000009d000238                . = ALIGN (0x4)
                0x0000000000000248                __vector_offset_122 = DEFINED (__vector_dispatch_122)?(. - _ebase_address):__vector_offset_default
 *(.vector_122)
                0x000000009d000238                . = ALIGN (0x4)
                0x0000000000000248                __vector_offset_123 = DEFINED (__vector_dispatch_123)?(. - _ebase_address):__vector_offset_default
 *(.vector_123)
                0x000000009d000238                . = ALIGN (0x4)
                0x0000000000000248                __vector_offset_124 = DEFINED (__vector_dispatch_124)?(. - _ebase_address):__vector_offset_default
 *(.vector_124)
                0x000000009d000238                . = ALIGN (0x4)
                0x0000000000000248                __vector_offset_125 = DEFINED (__vector_dispatch_125)?(. - _ebase_address):__vector_offset_default
 *(.vector_125)
                0x000000009d000238                . = ALIGN (0x4)
                0x0000000000000248                __vector_offset_126 = DEFINED (__vector_dispatch_126)?(. - _ebase_address):__vector_offset_default
 *(.vector_126)
                0x000000009d000238                . = ALIGN (0x4)
                0x0000000000000248                __vector_offset_127 = DEFINED (__vector_dispatch_127)?(. - _ebase_address):__vector_offset_default
 *(.vector_127)
                0x000000009d000238                . = ALIGN (0x4)
                0x0000000000000248                __vector_offset_128 = DEFINED (__vector_dispatch_128)?(. - _ebase_address):__vector_offset_default
 *(.vector_128)
                0x000000009d000238                . = ALIGN (0x4)
                0x0000000000000248                __vector_offset_129 = DEFINED (__vector_dispatch_129)?(. - _ebase_address):__vector_offset_default
 *(.vector_129)
                0x000000009d000238                . = ALIGN (0x4)
                0x0000000000000248                __vector_offset_130 = DEFINED (__vector_dispatch_130)?(. - _ebase_address):__vector_offset_default
 *(.vector_130)
                0x000000009d000238                . = ALIGN (0x4)
                0x0000000000000248                __vector_offset_131 = DEFINED (__vector_dispatch_131)?(. - _ebase_address):__vector_offset_default
 *(.vector_131)
                0x000000009d000238                . = ALIGN (0x4)
                0x0000000000000248                __vector_offset_132 = DEFINED (__vector_dispatch_132)?(. - _ebase_address):__vector_offset_default
 *(.vector_132)
                0x000000009d000238                . = ALIGN (0x4)
                0x0000000000000248                __vector_offset_133 = DEFINED (__vector_dispatch_133)?(. - _ebase_address):__vector_offset_default
 *(.vector_133)
                0x000000009d000238                . = ALIGN (0x4)
                0x0000000000000248                __vector_offset_134 = DEFINED (__vector_dispatch_134)?(. - _ebase_address):__vector_offset_default
 *(.vector_134)
                0x000000009d000238                . = ALIGN (0x4)
                0x0000000000000248                __vector_offset_135 = DEFINED (__vector_dispatch_135)?(. - _ebase_address):__vector_offset_default
 *(.vector_135)
                0x000000009d000238                . = ALIGN (0x4)
                0x0000000000000248                __vector_offset_136 = DEFINED (__vector_dispatch_136)?(. - _ebase_address):__vector_offset_default
 *(.vector_136)
                0x000000009d000238                . = ALIGN (0x4)
                0x0000000000000248                __vector_offset_137 = DEFINED (__vector_dispatch_137)?(. - _ebase_address):__vector_offset_default
 *(.vector_137)
                0x000000009d000238                . = ALIGN (0x4)
                0x0000000000000248                __vector_offset_138 = DEFINED (__vector_dispatch_138)?(. - _ebase_address):__vector_offset_default
 *(.vector_138)
                0x000000009d000238                . = ALIGN (0x4)
                0x0000000000000248                __vector_offset_139 = DEFINED (__vector_dispatch_139)?(. - _ebase_address):__vector_offset_default
 *(.vector_139)
                0x000000009d000238                . = ALIGN (0x4)
                0x0000000000000248                __vector_offset_140 = DEFINED (__vector_dispatch_140)?(. - _ebase_address):__vector_offset_default
 *(.vector_140)
                0x000000009d000238                . = ALIGN (0x4)
                0x0000000000000248                __vector_offset_141 = DEFINED (__vector_dispatch_141)?(. - _ebase_address):__vector_offset_default
 *(.vector_141)
                0x000000009d000238                . = ALIGN (0x4)
                0x0000000000000248                __vector_offset_142 = DEFINED (__vector_dispatch_142)?(. - _ebase_address):__vector_offset_default
 *(.vector_142)
                0x000000009d000238                . = ALIGN (0x4)
                0x0000000000000248                __vector_offset_143 = DEFINED (__vector_dispatch_143)?(. - _ebase_address):__vector_offset_default
 *(.vector_143)
                0x000000009d000238                . = ALIGN (0x4)
                0x0000000000000248                __vector_offset_144 = DEFINED (__vector_dispatch_144)?(. - _ebase_address):__vector_offset_default
 *(.vector_144)
                0x000000009d000238                . = ALIGN (0x4)
                0x0000000000000248                __vector_offset_145 = DEFINED (__vector_dispatch_145)?(. - _ebase_address):__vector_offset_default
 *(.vector_145)
                0x000000009d000238                . = ALIGN (0x4)
                0x0000000000000248                __vector_offset_146 = DEFINED (__vector_dispatch_146)?(. - _ebase_address):__vector_offset_default
 *(.vector_146)
                0x000000009d000238                . = ALIGN (0x4)
                0x0000000000000248                __vector_offset_147 = DEFINED (__vector_dispatch_147)?(. - _ebase_address):__vector_offset_default
 *(.vector_147)
                0x000000009d000238                . = ALIGN (0x4)
                0x0000000000000248                __vector_offset_148 = DEFINED (__vector_dispatch_148)?(. - _ebase_address):__vector_offset_default
 *(.vector_148)
                0x000000009d000238                . = ALIGN (0x4)
                0x0000000000000248                __vector_offset_149 = DEFINED (__vector_dispatch_149)?(. - _ebase_address):__vector_offset_default
 *(.vector_149)
                0x000000009d000238                . = ALIGN (0x4)
                0x0000000000000248                __vector_offset_150 = DEFINED (__vector_dispatch_150)?(. - _ebase_address):__vector_offset_default
 *(.vector_150)
                0x000000009d000238                . = ALIGN (0x4)
                0x0000000000000248                __vector_offset_151 = DEFINED (__vector_dispatch_151)?(. - _ebase_address):__vector_offset_default
 *(.vector_151)
                0x000000009d000238                . = ALIGN (0x4)
                0x0000000000000248                __vector_offset_152 = DEFINED (__vector_dispatch_152)?(. - _ebase_address):__vector_offset_default
 *(.vector_152)
                0x000000009d000238                . = ALIGN (0x4)
                0x0000000000000248                __vector_offset_153 = DEFINED (__vector_dispatch_153)?(. - _ebase_address):__vector_offset_default
 *(.vector_153)
                0x000000009d000238                . = ALIGN (0x4)
                0x0000000000000248                __vector_offset_154 = DEFINED (__vector_dispatch_154)?(. - _ebase_address):__vector_offset_default
 *(.vector_154)
                0x000000009d000238                . = ALIGN (0x4)
                0x0000000000000248                __vector_offset_155 = DEFINED (__vector_dispatch_155)?(. - _ebase_address):__vector_offset_default
 *(.vector_155)
                0x000000009d000238                . = ALIGN (0x4)
                0x0000000000000248                __vector_offset_156 = DEFINED (__vector_dispatch_156)?(. - _ebase_address):__vector_offset_default
 *(.vector_156)
                0x000000009d000238                . = ALIGN (0x4)
                0x0000000000000248                __vector_offset_157 = DEFINED (__vector_dispatch_157)?(. - _ebase_address):__vector_offset_default
 *(.vector_157)
                0x000000009d000238                . = ALIGN (0x4)
                0x0000000000000248                __vector_offset_158 = DEFINED (__vector_dispatch_158)?(. - _ebase_address):__vector_offset_default
 *(.vector_158)
                0x000000009d000238                . = ALIGN (0x4)
                0x0000000000000248                __vector_offset_159 = DEFINED (__vector_dispatch_159)?(. - _ebase_address):__vector_offset_default
 *(.vector_159)
                0x000000009d000238                . = ALIGN (0x4)
                0x0000000000000248                __vector_offset_160 = DEFINED (__vector_dispatch_160)?(. - _ebase_address):__vector_offset_default
 *(.vector_160)
                0x000000009d000238                . = ALIGN (0x4)
                0x0000000000000248                __vector_offset_161 = DEFINED (__vector_dispatch_161)?(. - _ebase_address):__vector_offset_default
 *(.vector_161)
                0x000000009d000238                . = ALIGN (0x4)
                0x0000000000000248                __vector_offset_162 = DEFINED (__vector_dispatch_162)?(. - _ebase_address):__vector_offset_default
 *(.vector_162)
                0x000000009d000238                . = ALIGN (0x4)
                0x0000000000000248                __vector_offset_163 = DEFINED (__vector_dispatch_163)?(. - _ebase_address):__vector_offset_default
 *(.vector_163)
                0x000000009d000238                . = ALIGN (0x4)
                0x0000000000000248                __vector_offset_164 = DEFINED (__vector_dispatch_164)?(. - _ebase_address):__vector_offset_default
 *(.vector_164)
                0x000000009d000238                . = ALIGN (0x4)
                0x0000000000000248                __vector_offset_165 = DEFINED (__vector_dispatch_165)?(. - _ebase_address):__vector_offset_default
 *(.vector_165)
                0x000000009d000238                . = ALIGN (0x4)
                0x0000000000000248                __vector_offset_166 = DEFINED (__vector_dispatch_166)?(. - _ebase_address):__vector_offset_default
 *(.vector_166)
                0x000000009d000238                . = ALIGN (0x4)
                0x0000000000000238                __vector_offset_167 = DEFINED (__vector_dispatch_167)?(. - _ebase_address):__vector_offset_default
 *(.vector_167)
 .vector_167    0x000000009d000238        0x8 build/default/debug/_ext/1171490990/interrupts.o
                0x000000009d000238                __vector_dispatch_167
                0x000000009d000240                . = ALIGN (0x4)
                0x0000000000000248                __vector_offset_168 = DEFINED (__vector_dispatch_168)?(. - _ebase_address):__vector_offset_default
 *(.vector_168)
                0x000000009d000240                . = ALIGN (0x4)
                0x0000000000000248                __vector_offset_169 = DEFINED (__vector_dispatch_169)?(. - _ebase_address):__vector_offset_default
 *(.vector_169)
                0x000000009d000240                . = ALIGN (0x4)
                0x0000000000000248                __vector_offset_170 = DEFINED (__vector_dispatch_170)?(. - _ebase_address):__vector_offset_default
 *(.vector_170)
                0x000000009d000240                . = ALIGN (0x4)
                0x0000000000000248                __vector_offset_171 = DEFINED (__vector_dispatch_171)?(. - _ebase_address):__vector_offset_default
 *(.vector_171)
                0x000000009d000240                . = ALIGN (0x4)
                0x0000000000000248                __vector_offset_172 = DEFINED (__vector_dispatch_172)?(. - _ebase_address):__vector_offset_default
 *(.vector_172)
                0x000000009d000240                . = ALIGN (0x4)
                0x0000000000000248                __vector_offset_173 = DEFINED (__vector_dispatch_173)?(. - _ebase_address):__vector_offset_default
 *(.vector_173)
                0x000000009d000240                . = ALIGN (0x4)
                0x0000000000000248                __vector_offset_174 = DEFINED (__vector_dispatch_174)?(. - _ebase_address):__vector_offset_default
 *(.vector_174)
                0x000000009d000240                . = ALIGN (0x4)
                0x0000000000000240                __vector_offset_175 = DEFINED (__vector_dispatch_175)?(. - _ebase_address):__vector_offset_default
 *(.vector_175)
 .vector_175    0x000000009d000240        0x8 build/default/debug/_ext/1171490990/interrupts.o
                0x000000009d000240                __vector_dispatch_175
                0x000000009d000248                . = ALIGN (0x4)
                0x0000000000000248                __vector_offset_176 = DEFINED (__vector_dispatch_176)?(. - _ebase_address):__vector_offset_default
 *(.vector_176)
                0x000000009d000248                . = ALIGN (0x4)
                0x0000000000000248                __vector_offset_177 = DEFINED (__vector_dispatch_177)?(. - _ebase_address):__vector_offset_default
 *(.vector_177)
                0x000000009d000248                . = ALIGN (0x4)
                0x0000000000000248                __vector_offset_178 = DEFINED (__vector_dispatch_178)?(. - _ebase_address):__vector_offset_default
 *(.vector_178)
                0x000000009d000248                . = ALIGN (0x4)
                0x0000000000000248                __vector_offset_179 = DEFINED (__vector_dispatch_179)?(. - _ebase_address):__vector_offset_default
 *(.vector_179)
                0x000000009d000248                . = ALIGN (0x4)
                0x0000000000000248                __vector_offset_180 = DEFINED (__vector_dispatch_180)?(. - _ebase_address):__vector_offset_default
 *(.vector_180)
                0x000000009d000248                . = ALIGN (0x4)
                0x0000000000000248                __vector_offset_181 = DEFINED (__vector_dispatch_181)?(. - _ebase_address):__vector_offset_default
 *(.vector_181)
                0x000000009d000248                . = ALIGN (0x4)
                0x0000000000000248                __vector_offset_182 = DEFINED (__vector_dispatch_182)?(. - _ebase_address):__vector_offset_default
 *(.vector_182)
                0x000000009d000248                . = ALIGN (0x4)
                0x0000000000000248                __vector_offset_183 = DEFINED (__vector_dispatch_183)?(. - _ebase_address):__vector_offset_default
 *(.vector_183)
                0x000000009d000248                . = ALIGN (0x4)
                0x0000000000000248                __vector_offset_184 = DEFINED (__vector_dispatch_184)?(. - _ebase_address):__vector_offset_default
 *(.vector_184)
                0x000000009d000248                . = ALIGN (0x4)
                0x0000000000000248                __vector_offset_185 = DEFINED (__vector_dispatch_185)?(. - _ebase_address):__vector_offset_default
 *(.vector_185)
                0x000000009d000248                . = ALIGN (0x4)
                0x0000000000000248                __vector_offset_186 = DEFINED (__vector_dispatch_186)?(. - _ebase_address):__vector_offset_default
 *(.vector_186)
                0x000000009d000248                . = ALIGN (0x4)
                0x0000000000000248                __vector_offset_187 = DEFINED (__vector_dispatch_187)?(. - _ebase_address):__vector_offset_default
 *(.vector_187)
                0x000000009d000248                . = ALIGN (0x4)
                0x0000000000000248                __vector_offset_188 = DEFINED (__vector_dispatch_188)?(. - _ebase_address):__vector_offset_default
 *(.vector_188)
                0x000000009d000248                . = ALIGN (0x4)
                0x0000000000000248                __vector_offset_189 = DEFINED (__vector_dispatch_189)?(. - _ebase_address):__vector_offset_default
 *(.vector_189)
                0x000000009d000248                . = ALIGN (0x4)
                0x0000000000000248                __vector_offset_190 = DEFINED (__vector_dispatch_190)?(. - _ebase_address):__vector_offset_default
 *(.vector_190)
                0x000000009d000248                . = ALIGN (0x4)
                0x0000000000000248                __vector_offset_191 = DEFINED (__vector_dispatch_191)?(. - _ebase_address):__vector_offset_default
 *(.vector_191)
                0x000000009d000248                . = ALIGN (0x4)
                0x0000000000000248                __vector_offset_192 = DEFINED (__vector_dispatch_192)?(. - _ebase_address):__vector_offset_default
 *(.vector_192)
                0x000000009d000248                . = ALIGN (0x4)
                0x0000000000000248                __vector_offset_193 = DEFINED (__vector_dispatch_193)?(. - _ebase_address):__vector_offset_default
 *(.vector_193)
                0x000000009d000248                . = ALIGN (0x4)
                0x0000000000000248                __vector_offset_194 = DEFINED (__vector_dispatch_194)?(. - _ebase_address):__vector_offset_default
 *(.vector_194)
                0x000000009d000248                . = ALIGN (0x4)
                0x0000000000000248                __vector_offset_195 = DEFINED (__vector_dispatch_195)?(. - _ebase_address):__vector_offset_default
 *(.vector_195)
                0x000000009d000248                . = ALIGN (0x4)
                0x0000000000000248                __vector_offset_196 = DEFINED (__vector_dispatch_196)?(. - _ebase_address):__vector_offset_default
 *(.vector_196)
                0x000000009d000248                . = ALIGN (0x4)
                0x0000000000000248                __vector_offset_197 = DEFINED (__vector_dispatch_197)?(. - _ebase_address):__vector_offset_default
 *(.vector_197)
                0x000000009d000248                . = ALIGN (0x4)
                0x0000000000000248                __vector_offset_198 = DEFINED (__vector_dispatch_198)?(. - _ebase_address):__vector_offset_default
 *(.vector_198)
                0x000000009d000248                . = ALIGN (0x4)
                0x0000000000000248                __vector_offset_199 = DEFINED (__vector_dispatch_199)?(. - _ebase_address):__vector_offset_default
 *(.vector_199)
                0x000000009d000248                . = ALIGN (0x4)
                0x0000000000000248                __vector_offset_200 = DEFINED (__vector_dispatch_200)?(. - _ebase_address):__vector_offset_default
 *(.vector_200)
                0x000000009d000248                . = ALIGN (0x4)
                0x0000000000000248                __vector_offset_201 = DEFINED (__vector_dispatch_201)?(. - _ebase_address):__vector_offset_default
 *(.vector_201)
                0x000000009d000248                . = ALIGN (0x4)
                0x0000000000000248                __vector_offset_202 = DEFINED (__vector_dispatch_202)?(. - _ebase_address):__vector_offset_default
 *(.vector_202)
                0x000000009d000248                . = ALIGN (0x4)
                0x0000000000000248                __vector_offset_203 = DEFINED (__vector_dispatch_203)?(. - _ebase_address):__vector_offset_default
 *(.vector_203)
                0x000000009d000248                . = ALIGN (0x4)
                0x0000000000000248                __vector_offset_204 = DEFINED (__vector_dispatch_204)?(. - _ebase_address):__vector_offset_default
 *(.vector_204)
                0x000000009d000248                . = ALIGN (0x4)
                0x0000000000000248                __vector_offset_205 = DEFINED (__vector_dispatch_205)?(. - _ebase_address):__vector_offset_default
 *(.vector_205)
                0x000000009d000248                . = ALIGN (0x4)
                0x0000000000000248                __vector_offset_206 = DEFINED (__vector_dispatch_206)?(. - _ebase_address):__vector_offset_default
 *(.vector_206)
                0x000000009d000248                . = ALIGN (0x4)
                0x0000000000000248                __vector_offset_207 = DEFINED (__vector_dispatch_207)?(. - _ebase_address):__vector_offset_default
 *(.vector_207)
                0x000000009d000248                . = ALIGN (0x4)
                0x0000000000000248                __vector_offset_208 = DEFINED (__vector_dispatch_208)?(. - _ebase_address):__vector_offset_default
 *(.vector_208)
                0x000000009d000248                . = ALIGN (0x4)
                0x0000000000000248                __vector_offset_209 = DEFINED (__vector_dispatch_209)?(. - _ebase_address):__vector_offset_default
 *(.vector_209)
                0x000000009d000248                . = ALIGN (0x4)
                0x0000000000000248                __vector_offset_210 = DEFINED (__vector_dispatch_210)?(. - _ebase_address):__vector_offset_default
 *(.vector_210)
                0x000000009d000248                . = ALIGN (0x4)
                0x0000000000000248                __vector_offset_211 = DEFINED (__vector_dispatch_211)?(. - _ebase_address):__vector_offset_default
 *(.vector_211)
                0x000000009d000248                . = ALIGN (0x4)
                0x0000000000000248                __vector_offset_212 = DEFINED (__vector_dispatch_212)?(. - _ebase_address):__vector_offset_default
 *(.vector_212)
                0x000000009d000248                . = ALIGN (0x4)
                0x0000000000000248                __vector_offset_213 = DEFINED (__vector_dispatch_213)?(. - _ebase_address):__vector_offset_default
 *(.vector_213)
                0x000000009d000248                . = ALIGN (0x4)
                0x0000000000000248                __vector_offset_214 = DEFINED (__vector_dispatch_214)?(. - _ebase_address):__vector_offset_default
 *(.vector_214)
                0x000000009d000248                . = ALIGN (0x4)
                0x0000000000000248                __vector_offset_215 = DEFINED (__vector_dispatch_215)?(. - _ebase_address):__vector_offset_default
 *(.vector_215)
                0x000000009d000248                . = ALIGN (0x4)
                0x0000000000000248                __vector_offset_216 = DEFINED (__vector_dispatch_216)?(. - _ebase_address):__vector_offset_default
 *(.vector_216)
                0x000000009d000248                . = ALIGN (0x4)
                0x0000000000000248                __vector_offset_217 = DEFINED (__vector_dispatch_217)?(. - _ebase_address):__vector_offset_default
 *(.vector_217)
                0x000000009d000248                . = ALIGN (0x4)
                0x0000000000000248                __vector_offset_218 = DEFINED (__vector_dispatch_218)?(. - _ebase_address):__vector_offset_default
 *(.vector_218)
                0x000000009d000248                . = ALIGN (0x4)
                0x0000000000000248                __vector_offset_219 = DEFINED (__vector_dispatch_219)?(. - _ebase_address):__vector_offset_default
 *(.vector_219)
                0x000000009d000248                . = ALIGN (0x4)
                0x0000000000000248                __vector_offset_220 = DEFINED (__vector_dispatch_220)?(. - _ebase_address):__vector_offset_default
 *(.vector_220)
                0x000000009d000248                . = ALIGN (0x4)
                0x0000000000000248                __vector_offset_221 = DEFINED (__vector_dispatch_221)?(. - _ebase_address):__vector_offset_default
 *(.vector_221)
                0x000000009d000248                . = ALIGN (0x4)
                0x0000000000000248                __vector_offset_222 = DEFINED (__vector_dispatch_222)?(. - _ebase_address):__vector_offset_default
 *(.vector_222)
                0x000000009d000248                . = ALIGN (0x4)
                0x0000000000000248                __vector_offset_223 = DEFINED (__vector_dispatch_223)?(. - _ebase_address):__vector_offset_default
 *(.vector_223)
                0x000000009d000248                . = ALIGN (0x4)
                0x0000000000000248                __vector_offset_224 = DEFINED (__vector_dispatch_224)?(. - _ebase_address):__vector_offset_default
 *(.vector_224)
                0x000000009d000248                . = ALIGN (0x4)
                0x0000000000000248                __vector_offset_225 = DEFINED (__vector_dispatch_225)?(. - _ebase_address):__vector_offset_default
 *(.vector_225)
                0x000000009d000248                . = ALIGN (0x4)
                0x0000000000000248                __vector_offset_226 = DEFINED (__vector_dispatch_226)?(. - _ebase_address):__vector_offset_default
 *(.vector_226)
                0x000000009d000248                . = ALIGN (0x4)
                0x0000000000000248                __vector_offset_227 = DEFINED (__vector_dispatch_227)?(. - _ebase_address):__vector_offset_default
 *(.vector_227)
                0x000000009d000248                . = ALIGN (0x4)
                0x0000000000000248                __vector_offset_228 = DEFINED (__vector_dispatch_228)?(. - _ebase_address):__vector_offset_default
 *(.vector_228)
                0x000000009d000248                . = ALIGN (0x4)
                0x0000000000000248                __vector_offset_229 = DEFINED (__vector_dispatch_229)?(. - _ebase_address):__vector_offset_default
 *(.vector_229)
                0x000000009d000248                . = ALIGN (0x4)
                0x0000000000000248                __vector_offset_230 = DEFINED (__vector_dispatch_230)?(. - _ebase_address):__vector_offset_default
 *(.vector_230)
                0x000000009d000248                . = ALIGN (0x4)
                0x0000000000000248                __vector_offset_231 = DEFINED (__vector_dispatch_231)?(. - _ebase_address):__vector_offset_default
 *(.vector_231)
                0x000000009d000248                . = ALIGN (0x4)
                0x0000000000000248                __vector_offset_232 = DEFINED (__vector_dispatch_232)?(. - _ebase_address):__vector_offset_default
 *(.vector_232)
                0x000000009d000248                . = ALIGN (0x4)
                0x0000000000000248                __vector_offset_233 = DEFINED (__vector_dispatch_233)?(. - _ebase_address):__vector_offset_default
 *(.vector_233)
                0x000000009d000248                . = ALIGN (0x4)
                0x0000000000000248                __vector_offset_234 = DEFINED (__vector_dispatch_234)?(. - _ebase_address):__vector_offset_default
 *(.vector_234)
                0x000000009d000248                . = ALIGN (0x4)
                0x0000000000000248                __vector_offset_235 = DEFINED (__vector_dispatch_235)?(. - _ebase_address):__vector_offset_default
 *(.vector_235)
                0x000000009d000248                . = ALIGN (0x4)
                0x0000000000000248                __vector_offset_236 = DEFINED (__vector_dispatch_236)?(. - _ebase_address):__vector_offset_default
 *(.vector_236)
                0x000000009d000248                . = ALIGN (0x4)
                0x0000000000000248                __vector_offset_237 = DEFINED (__vector_dispatch_237)?(. - _ebase_address):__vector_offset_default
 *(.vector_237)
                0x000000009d000248                . = ALIGN (0x4)
                0x0000000000000248                __vector_offset_238 = DEFINED (__vector_dispatch_238)?(. - _ebase_address):__vector_offset_default
 *(.vector_238)
                0x000000009d000248                . = ALIGN (0x4)
                0x0000000000000248                __vector_offset_239 = DEFINED (__vector_dispatch_239)?(. - _ebase_address):__vector_offset_default
 *(.vector_239)
                0x000000009d000248                . = ALIGN (0x4)
                0x0000000000000248                __vector_offset_240 = DEFINED (__vector_dispatch_240)?(. - _ebase_address):__vector_offset_default
 *(.vector_240)
                0x000000009d000248                . = ALIGN (0x4)
                0x0000000000000248                __vector_offset_241 = DEFINED (__vector_dispatch_241)?(. - _ebase_address):__vector_offset_default
 *(.vector_241)
                0x000000009d000248                . = ALIGN (0x4)
                0x0000000000000248                __vector_offset_242 = DEFINED (__vector_dispatch_242)?(. - _ebase_address):__vector_offset_default
 *(.vector_242)
                0x000000009d000248                . = ALIGN (0x4)
                0x0000000000000248                __vector_offset_243 = DEFINED (__vector_dispatch_243)?(. - _ebase_address):__vector_offset_default
 *(.vector_243)
                0x000000009d000248                . = ALIGN (0x4)
                0x0000000000000248                __vector_offset_244 = DEFINED (__vector_dispatch_244)?(. - _ebase_address):__vector_offset_default
 *(.vector_244)
                0x000000009d000248                . = ALIGN (0x4)
                0x0000000000000248                __vector_offset_245 = DEFINED (__vector_dispatch_245)?(. - _ebase_address):__vector_offset_default
 *(.vector_245)
                0x000000009d000248                . = ALIGN (0x4)
                0x0000000000000248                __vector_offset_246 = DEFINED (__vector_dispatch_246)?(. - _ebase_address):__vector_offset_default
 *(.vector_246)
                0x000000009d000248                . = ALIGN (0x4)
                0x0000000000000248                __vector_offset_247 = DEFINED (__vector_dispatch_247)?(. - _ebase_address):__vector_offset_default
 *(.vector_247)
                0x000000009d000248                . = ALIGN (0x4)
                0x0000000000000248                __vector_offset_248 = DEFINED (__vector_dispatch_248)?(. - _ebase_address):__vector_offset_default
 *(.vector_248)
                0x000000009d000248                . = ALIGN (0x4)
                0x0000000000000248                __vector_offset_249 = DEFINED (__vector_dispatch_249)?(. - _ebase_address):__vector_offset_default
 *(.vector_249)
                0x000000009d000248                . = ALIGN (0x4)
                0x0000000000000248                __vector_offset_250 = DEFINED (__vector_dispatch_250)?(. - _ebase_address):__vector_offset_default
 *(.vector_250)
                0x000000009d000248                . = ALIGN (0x4)
                0x0000000000000248                __vector_offset_251 = DEFINED (__vector_dispatch_251)?(. - _ebase_address):__vector_offset_default
 *(.vector_251)
                0x000000009d000248                . = ALIGN (0x4)
                0x0000000000000248                __vector_offset_252 = DEFINED (__vector_dispatch_252)?(. - _ebase_address):__vector_offset_default
 *(.vector_252)
                0x000000009d000248                . = ALIGN (0x4)
                0x0000000000000248                __vector_offset_253 = DEFINED (__vector_dispatch_253)?(. - _ebase_address):__vector_offset_default
 *(.vector_253)
                0x000000009d000248                . = ALIGN (0x4)
                0x0000000000000248                __vector_offset_254 = DEFINED (__vector_dispatch_254)?(. - _ebase_address):__vector_offset_default
 *(.vector_254)
                0x000000009d000248                . = ALIGN (0x4)
                0x0000000000000248                __vector_offset_255 = DEFINED (__vector_dispatch_255)?(. - _ebase_address):__vector_offset_default
 *(.vector_255)
                0x000000009d000248                . = ALIGN (0x4)
                0x0000000000000248                __vector_offset_default = (. - _ebase_address)
 *(.vector_default)
 .vector_default
                0x000000009d000248       0x48 c:/program files/microchip/xc32/v4.45/bin/bin/../../lib/gcc/pic32mx/8.3.1/../../../../pic32mx/lib/fpu64\libpic32.a(defaultinterrupt.o)
                0x000000009d000248                _DefaultInterrupt

.startup
 *(.startup)

.text           0x000000009d000290      0x4f8
 *(.stub .gnu.linkonce.t.*)
 *(.text.*personality*)
 .text.__gxx_personality_sj0
                0x000000009d000290      0x4f8 c:/program files/microchip/xc32/v4.45/bin/bin/../../lib/gcc/pic32mx/8.3.1/../../../../pic32mx/lib/fpu64\libstdc++.a(eh_personality.o)
                0x000000009d000290                __gxx_personality_sj0
 *(.mips16.fn.*)
 *(.mips16.call.*)
 *(.gnu.warning)
                0x000000009d000788                . = ALIGN (0x4)

.init           0x000000009d000788       0x24
 *crti.o(.init)
 .init          0x000000009d000788        0x8 c:/program files/microchip/xc32/v4.45/bin/bin/../../lib/gcc/pic32mx/8.3.1/fpu64/crti.o
                0x000000009d000788                _init
 *crtbegin.o(.init)
 .init          0x000000009d000790        0x8 c:/program files/microchip/xc32/v4.45/bin/bin/../../lib/gcc/pic32mx/8.3.1/fpu64/crtbegin.o
 *(EXCLUDE_FILE(*crtn.o *crtend?.o *crtend.o) .init)
 *crtend.o(.init)
 .init          0x000000009d000798        0x8 c:/program files/microchip/xc32/v4.45/bin/bin/../../lib/gcc/pic32mx/8.3.1/fpu64/crtend.o
 *crtn.o(.init)
 .init          0x000000009d0007a0        0xc c:/program files/microchip/xc32/v4.45/bin/bin/../../lib/gcc/pic32mx/8.3.1/fpu64/crtn.o
                0x000000009d0007ac                . = ALIGN (0x4)

.fini           0x000000009d0007ac       0x1c
 *(.fini)
 .fini          0x000000009d0007ac        0x8 c:/program files/microchip/xc32/v4.45/bin/bin/../../lib/gcc/pic32mx/8.3.1/fpu64/crti.o
                0x000000009d0007ac                _fini
 .fini          0x000000009d0007b4        0x8 c:/program files/microchip/xc32/v4.45/bin/bin/../../lib/gcc/pic32mx/8.3.1/fpu64/crtbegin.o
 .fini          0x000000009d0007bc        0xc c:/program files/microchip/xc32/v4.45/bin/bin/../../lib/gcc/pic32mx/8.3.1/fpu64/crtn.o
                0x000000009d0007c8                . = ALIGN (0x4)

.preinit_array  0x000000009d0007c8        0x0
                [!provide]                        PROVIDE (__preinit_array_start = .)
 *(.preinit_array)
                [!provide]                        PROVIDE (__preinit_array_end = .)
                0x000000009d0007c8                . = ALIGN (0x4)

.init_array     0x000000009d0007c8        0x0
                [!provide]                        PROVIDE (__init_array_start = .)
 *(SORT_BY_NAME(.init_array.*))
 *(.init_array)
                [!provide]                        PROVIDE (__init_array_end = .)
                0x000000009d0007c8                . = ALIGN (0x4)

.fini_array     0x000000009d0007c8        0x0
                [!provide]                        PROVIDE (__fini_array_start = .)
 *(SORT_BY_NAME(.fini_array.*))
 *(.fini_array)
                [!provide]                        PROVIDE (__fini_array_end = .)
                0x000000009d0007c8                . = ALIGN (0x4)

.ctors          0x000000009d0007c8       0x10
 *crtbegin.o(.ctors)
 .ctors         0x000000009d0007c8        0x4 c:/program files/microchip/xc32/v4.45/bin/bin/../../lib/gcc/pic32mx/8.3.1/fpu64/crtbegin.o
 *crtbegin?.o(.ctors)
 *(EXCLUDE_FILE(*crtend?.o *crtend.o) .ctors)
 .ctors         0x000000009d0007cc        0x4 build/default/debug/SLBL_System.o
 .ctors         0x000000009d0007d0        0x4 c:/program files/microchip/xc32/v4.45/bin/bin/../../lib/gcc/pic32mx/8.3.1/../../../../pic32mx/lib/fpu64\libstdc++.a(eh_alloc.o)
 *(SORT_BY_NAME(.ctors.*))
 *(.ctors)
 .ctors         0x000000009d0007d4        0x4 c:/program files/microchip/xc32/v4.45/bin/bin/../../lib/gcc/pic32mx/8.3.1/fpu64/crtend.o
                0x000000009d0007d8                . = ALIGN (0x4)

.dtors          0x000000009d0007d8        0x8
 *crtbegin.o(.dtors)
 .dtors         0x000000009d0007d8        0x4 c:/program files/microchip/xc32/v4.45/bin/bin/../../lib/gcc/pic32mx/8.3.1/fpu64/crtbegin.o
 *crtbegin?.o(.dtors)
 *(EXCLUDE_FILE(*crtend?.o *crtend.o) .dtors)
 *(SORT_BY_NAME(.dtors.*))
 *(.dtors)
 .dtors         0x000000009d0007dc        0x4 c:/program files/microchip/xc32/v4.45/bin/bin/../../lib/gcc/pic32mx/8.3.1/fpu64/crtend.o
                0x000000009d0007dc                __DTOR_END__
                0x000000009d0007e0                . = ALIGN (0x4)

.rodata         0x000000009d0007e0      0x170
 *(.gnu.linkonce.r.*)
 .gnu.linkonce.r._ZTSSt9exception
                0x000000009d0007e0       0x10 c:/program files/microchip/xc32/v4.45/bin/bin/../../lib/gcc/pic32mx/8.3.1/../../../../pic32mx/lib/fpu64\libstdc++.a(eh_exception.o)
                0x000000009d0007e0                typeinfo name for std::exception
 .gnu.linkonce.r._ZTISt9exception
                0x000000009d0007f0        0x8 c:/program files/microchip/xc32/v4.45/bin/bin/../../lib/gcc/pic32mx/8.3.1/../../../../pic32mx/lib/fpu64\libstdc++.a(eh_exception.o)
                0x000000009d0007f0                typeinfo for std::exception
 .gnu.linkonce.r._ZTSN10__cxxabiv115__forced_unwindE
                0x000000009d0007f8       0x20 c:/program files/microchip/xc32/v4.45/bin/bin/../../lib/gcc/pic32mx/8.3.1/../../../../pic32mx/lib/fpu64\libstdc++.a(eh_exception.o)
                0x000000009d0007f8                typeinfo name for __cxxabiv1::__forced_unwind
 .gnu.linkonce.r._ZTIN10__cxxabiv115__forced_unwindE
                0x000000009d000818        0x8 c:/program files/microchip/xc32/v4.45/bin/bin/../../lib/gcc/pic32mx/8.3.1/../../../../pic32mx/lib/fpu64\libstdc++.a(eh_exception.o)
                0x000000009d000818                typeinfo for __cxxabiv1::__forced_unwind
 .gnu.linkonce.r._ZTSN10__cxxabiv119__foreign_exceptionE
                0x000000009d000820       0x24 c:/program files/microchip/xc32/v4.45/bin/bin/../../lib/gcc/pic32mx/8.3.1/../../../../pic32mx/lib/fpu64\libstdc++.a(eh_exception.o)
                0x000000009d000820                typeinfo name for __cxxabiv1::__foreign_exception
 .gnu.linkonce.r._ZTIN10__cxxabiv119__foreign_exceptionE
                0x000000009d000844        0x8 c:/program files/microchip/xc32/v4.45/bin/bin/../../lib/gcc/pic32mx/8.3.1/../../../../pic32mx/lib/fpu64\libstdc++.a(eh_exception.o)
                0x000000009d000844                typeinfo for __cxxabiv1::__foreign_exception
 .gnu.linkonce.r._ZTSSt9bad_alloc
                0x000000009d00084c       0x10 c:/program files/microchip/xc32/v4.45/bin/bin/../../lib/gcc/pic32mx/8.3.1/../../../../pic32mx/lib/fpu64\libstdc++.a(bad_alloc.o)
                0x000000009d00084c                typeinfo name for std::bad_alloc
 .gnu.linkonce.r._ZTISt9bad_alloc
                0x000000009d00085c        0xc c:/program files/microchip/xc32/v4.45/bin/bin/../../lib/gcc/pic32mx/8.3.1/../../../../pic32mx/lib/fpu64\libstdc++.a(bad_alloc.o)
                0x000000009d00085c                typeinfo for std::bad_alloc
 .gnu.linkonce.r._ZTVSt9bad_alloc
                0x000000009d000868       0x14 c:/program files/microchip/xc32/v4.45/bin/bin/../../lib/gcc/pic32mx/8.3.1/../../../../pic32mx/lib/fpu64\libstdc++.a(bad_alloc.o)
                0x000000009d000868                vtable for std::bad_alloc
 .gnu.linkonce.r._ZTSN10__cxxabiv120__si_class_type_infoE
                0x000000009d00087c       0x28 c:/program files/microchip/xc32/v4.45/bin/bin/../../lib/gcc/pic32mx/8.3.1/../../../../pic32mx/lib/fpu64\libstdc++.a(si_class_type_info.o)
                0x000000009d00087c                typeinfo name for __cxxabiv1::__si_class_type_info
 .gnu.linkonce.r._ZTIN10__cxxabiv120__si_class_type_infoE
                0x000000009d0008a4        0xc c:/program files/microchip/xc32/v4.45/bin/bin/../../lib/gcc/pic32mx/8.3.1/../../../../pic32mx/lib/fpu64\libstdc++.a(si_class_type_info.o)
                0x000000009d0008a4                typeinfo for __cxxabiv1::__si_class_type_info
 .gnu.linkonce.r._ZTVN10__cxxabiv120__si_class_type_infoE
                0x000000009d0008b0       0x2c c:/program files/microchip/xc32/v4.45/bin/bin/../../lib/gcc/pic32mx/8.3.1/../../../../pic32mx/lib/fpu64\libstdc++.a(si_class_type_info.o)
                0x000000009d0008b0                vtable for __cxxabiv1::__si_class_type_info
 .gnu.linkonce.r._ZTSSt9type_info
                0x000000009d0008dc       0x10 c:/program files/microchip/xc32/v4.45/bin/bin/../../lib/gcc/pic32mx/8.3.1/../../../../pic32mx/lib/fpu64\libstdc++.a(tinfo.o)
                0x000000009d0008dc                typeinfo name for std::type_info
 .gnu.linkonce.r._ZTISt9type_info
                0x000000009d0008ec        0x8 c:/program files/microchip/xc32/v4.45/bin/bin/../../lib/gcc/pic32mx/8.3.1/../../../../pic32mx/lib/fpu64\libstdc++.a(tinfo.o)
                0x000000009d0008ec                typeinfo for std::type_info
 .gnu.linkonce.r._ZTSN10__cxxabiv117__class_type_infoE
                0x000000009d0008f4       0x24 c:/program files/microchip/xc32/v4.45/bin/bin/../../lib/gcc/pic32mx/8.3.1/../../../../pic32mx/lib/fpu64\libstdc++.a(class_type_info.o)
                0x000000009d0008f4                typeinfo name for __cxxabiv1::__class_type_info
 .gnu.linkonce.r._ZTIN10__cxxabiv117__class_type_infoE
                0x000000009d000918        0xc c:/program files/microchip/xc32/v4.45/bin/bin/../../lib/gcc/pic32mx/8.3.1/../../../../pic32mx/lib/fpu64\libstdc++.a(class_type_info.o)
                0x000000009d000918                typeinfo for __cxxabiv1::__class_type_info
 .gnu.linkonce.r._ZTVN10__cxxabiv117__class_type_infoE
                0x000000009d000924       0x2c c:/program files/microchip/xc32/v4.45/bin/bin/../../lib/gcc/pic32mx/8.3.1/../../../../pic32mx/lib/fpu64\libstdc++.a(class_type_info.o)
                0x000000009d000924                vtable for __cxxabiv1::__class_type_info
 *(.rodata1)
                0x000000009d000950                . = ALIGN (0x4)

.sdata2         0x000000009d000950        0x0
 *(.sdata2 .sdata2.* .gnu.linkonce.s2.*)
                0x000000009d000950                . = ALIGN (0x4)

.sbss2          0x000000009d000950        0x0
 *(.sbss2 .sbss2.* .gnu.linkonce.sb2.*)
                0x000000009d000950                . = ALIGN (0x4)

.eh_frame_hdr
 *(.eh_frame_hdr)
                0x000000009d000950                . = ALIGN (0x4)

.eh_frame
 *(.eh_frame)
                0x000000009d000950                . = ALIGN (0x4)

.gcc_except_table
 *(.gcc_except_table .gcc_except_table.*)
                0x000000009d000950                . = ALIGN (0x4)

.dbg_data       0x0000000080000370        0x0
                0x0000000080000370                . = (. + DEFINED (_DEBUGGER)?0x200:0x0)
                0x0000000080000370                . = (. + DEFINED (_DEBUGGER)?0x80:0x0)
                0x0000000080000370                . = (. + DEFINED (_DEBUGGER)?0x100:0x0)

.jcr            0x0000000080000370        0x0
 *(.jcr)
                0x0000000080000370                . = ALIGN (0x4)

.eh_frame       0x0000000080000370        0x4
 *(.eh_frame)
 .eh_frame      0x0000000080000370        0x0 c:/program files/microchip/xc32/v4.45/bin/bin/../../lib/gcc/pic32mx/8.3.1/fpu64/crtbegin.o
 .eh_frame      0x0000000080000370        0x4 c:/program files/microchip/xc32/v4.45/bin/bin/../../lib/gcc/pic32mx/8.3.1/fpu64/crtend.o
                0x0000000080000374                . = ALIGN (0x4)

.gcc_except_table
                0x0000000080000374       0x30
 *(.gcc_except_table .gcc_except_table.*)
 .gcc_except_table._ZN11SLBL_SystemC2Ev
                0x0000000080000374        0x6 build/default/debug/SLBL_System.o
 .gcc_except_table._ZN11SLBL_System6Go_IPDEv
                0x000000008000037a        0x6 build/default/debug/SLBL_System.o
 .gcc_except_table._ZN8SLBL_IPDD2Ev
                0x0000000080000380        0x4 build/default/debug/SLBL_IPD.o
 .gcc_except_table.__gxx_personality_sj0
                0x0000000080000384       0x10 c:/program files/microchip/xc32/v4.45/bin/bin/../../lib/gcc/pic32mx/8.3.1/../../../../pic32mx/lib/fpu64\libstdc++.a(eh_personality.o)
 .gcc_except_table._ZN10__cxxabiv111__terminateEPFvvE
                0x0000000080000394       0x10 c:/program files/microchip/xc32/v4.45/bin/bin/../../lib/gcc/pic32mx/8.3.1/../../../../pic32mx/lib/fpu64\libstdc++.a(eh_terminate.o)
                0x00000000800003a4                . = ALIGN (0x4)

.persist        0x00000000800003a4        0x0
                0x00000000800003a4                _persist_begin = .
 *(.persist .persist.*)
                0x00000000800003a4                . = ALIGN (0x4)
                0x00000000800003a4                _persist_end = .

.data           0x00000000800003a4        0x0
 *(.gnu.linkonce.d.*)
 *(.data1)
                0x00000000800003a4                . = ALIGN (0x4)
                0x00000000800003a4                . = .
                0x00000000800083a0                _gp = (ALIGN (0x10) + 0x7ff0)

.got            0x00000000800003a4        0x0
 *(.got.plt)
 *(.got)
                0x00000000800003a4                . = ALIGN (0x4)

.sdata          0x00000000800003a4       0x44
                0x00000000800003a4                _sdata_begin = .
 *(.sdata .sdata.* .gnu.linkonce.s.*)
 .sdata         0x00000000800003a4        0x4 c:/program files/microchip/xc32/v4.45/bin/bin/../../lib/gcc/pic32mx/8.3.1/fpu64/crtbegin.o
                0x00000000800003a4                __dso_handle
 .sdata         0x00000000800003a8       0x40 build/default/debug/SLBL_System.o
                0x00000000800003a8                SLBL_System::PWM_Res
                0x00000000800003ac                SLBL_System::Max_Duty
                0x00000000800003b0                SLBL_System::Elec_Omega
                0x00000000800003b4                SLBL_System::Target_Omega
                0x00000000800003b8                SLBL_System::Motor_Phi
                0x00000000800003bc                SLBL_System::Motor_Ldq_delta
                0x00000000800003c0                SLBL_System::Motor_Lq
                0x00000000800003c4                SLBL_System::Motor_Ld
                0x00000000800003c8                SLBL_System::Motor_L
                0x00000000800003cc                SLBL_System::Motor_R
                0x00000000800003d0                SLBL_System::Motor_Pole
                0x00000000800003d4                SLBL_System::Motor_Kv
                0x00000000800003d8                SLBL_System::Max_Current
                0x00000000800003dc                SLBL_System::ADC2_Quiescent
                0x00000000800003de                SLBL_System::ADC0_Quiescent
                0x00000000800003e0                SLBL_System::ADC_to_Current_C
                0x00000000800003e4                SLBL_System::Supply_Volt
                0x00000000800003e8                . = ALIGN (0x4)
                0x00000000800003e8                _sdata_end = .

.lit8
 *(.lit8)

.lit4
 *(.lit4)
                0x00000000800003e8                . = ALIGN (0x4)
                0x00000000800003e8                _data_end = .
                0x00000000800003e8                _bss_begin = .

.sbss           0x00000000800003e8      0x15c
                0x00000000800003e8                _sbss_begin = .
 *(.dynsbss)
 *(.sbss .sbss.* .gnu.linkonce.sb.*)
 .sbss.ADCHS_DCCallbackObj
                0x00000000800003e8        0x8 build/default/debug/_ext/1982400153/plib_adchs.o
 .sbss.can1MsgIndex
                0x00000000800003f0        0x8 build/default/debug/_ext/1984168316/plib_canfd1.o
 .sbss.can1ErrorCallbackObj
                0x00000000800003f8        0x8 build/default/debug/_ext/1984168316/plib_canfd1.o
 .sbss.can1Obj  0x0000000080000400        0x4 build/default/debug/_ext/1984168316/plib_canfd1.o
 .sbss.tmr2Obj  0x0000000080000404        0x8 build/default/debug/_ext/60181895/plib_tmr2.o
 .sbss.tmr1Obj  0x000000008000040c        0x8 build/default/debug/_ext/1865638794/plib_tmr1.o
 .sbss          0x0000000080000414        0x1 build/default/debug/Use_UART1.o
                0x0000000080000414                Use_UART1::Read_Str_Cnt
 *fill*         0x0000000080000415        0x3 
 .sbss          0x0000000080000418      0x12c build/default/debug/SLBL_System.o
                0x0000000080000418                SLBL_System::IPD_Flag
                0x0000000080000419                SLBL_System::IPD_Start_Flag
                0x000000008000041c                SLBL_System::Debug_Data2
                0x0000000080000420                SLBL_System::Debug_Data
                0x0000000080000424                SLBL_System::V_F_Const
                0x0000000080000428                SLBL_System::Est_Beta_COS
                0x000000008000042c                SLBL_System::Est_Alpha_SIN
                0x0000000080000430                SLBL_System::BEMF_Est_Before
                0x0000000080000434                SLBL_System::BEMF_Est
                0x0000000080000438                SLBL_System::Beta_BEMF_SUM
                0x000000008000043c                SLBL_System::Beta_BEMF
                0x0000000080000440                SLBL_System::Alpha_BEMF_SUM
                0x0000000080000444                SLBL_System::Alpha_BEMF
                0x0000000080000448                SLBL_System::Delta_Volt_Tar
                0x000000008000044c                SLBL_System::Delta_Volt_Est
                0x0000000080000450                SLBL_System::Delta_Volt_Before
                0x0000000080000454                SLBL_System::Delta_Volt
                0x0000000080000458                SLBL_System::Gamma_Volt_Est
                0x000000008000045c                SLBL_System::Gamma_Volt_Before
                0x0000000080000460                SLBL_System::Gamma_Volt
                0x0000000080000464                SLBL_System::Beta_Volt_Before
                0x0000000080000468                SLBL_System::Beta_Volt
                0x000000008000046c                SLBL_System::Alpha_Volt_Before
                0x0000000080000470                SLBL_System::Alpha_Volt
                0x0000000080000474                SLBL_System::Volt_W_Before
                0x0000000080000478                SLBL_System::Volt_V_Before
                0x000000008000047c                SLBL_System::Volt_U_Before
                0x0000000080000480                SLBL_System::Volt_W
                0x0000000080000484                SLBL_System::Volt_V
                0x0000000080000488                SLBL_System::Volt_U
                0x000000008000048c                SLBL_System::W_SIN
                0x0000000080000490                SLBL_System::V_SIN
                0x0000000080000494                SLBL_System::U_SIN
                0x0000000080000498                SLBL_System::W_COS
                0x000000008000049c                SLBL_System::V_COS
                0x00000000800004a0                SLBL_System::U_COS
                0x00000000800004a4                SLBL_System::Beta_SIN
                0x00000000800004a8                SLBL_System::Alpha_COS
                0x00000000800004ac                SLBL_System::Est_Theta_Before
                0x00000000800004b0                SLBL_System::Est_Theta_Delta_Sum
                0x00000000800004b4                SLBL_System::Est_Theta_Delta
                0x00000000800004b8                SLBL_System::Est_Theta
                0x00000000800004bc                SLBL_System::Elec_Theta
                0x00000000800004c0                SLBL_System::Elec_Theta_Delta
                0x00000000800004c4                SLBL_System::Est_Omega_Delta_Before
                0x00000000800004c8                SLBL_System::Est_Omega_Delta
                0x00000000800004cc                SLBL_System::Est_Omega_Before
                0x00000000800004d0                SLBL_System::Est_Omega
                0x00000000800004d4                SLBL_System::Beta_Phi_init
                0x00000000800004d8                SLBL_System::Beta_Phi
                0x00000000800004dc                SLBL_System::Alpha_Phi_init
                0x00000000800004e0                SLBL_System::Alpha_Phi
                0x00000000800004e4                SLBL_System::Delta_Current_Est
                0x00000000800004e8                SLBL_System::Delta_Current_Before
                0x00000000800004ec                SLBL_System::Delta_Current_Delta
                0x00000000800004f0                SLBL_System::Delta_Current
                0x00000000800004f4                SLBL_System::Gamma_Current_Tar
                0x00000000800004f8                SLBL_System::Gamma_Current_Est
                0x00000000800004fc                SLBL_System::Gamma_Current_Before
                0x0000000080000500                SLBL_System::Gamma_Current_Delta
                0x0000000080000504                SLBL_System::Gamma_Current
                0x0000000080000508                SLBL_System::Beta_Current_Tar
                0x000000008000050c                SLBL_System::Beta_Current_Delta_Before
                0x0000000080000510                SLBL_System::Beta_Current_Delta
                0x0000000080000514                SLBL_System::Beta_Current_Before
                0x0000000080000518                SLBL_System::Beta_Current
                0x000000008000051c                SLBL_System::Alpha_Current_Tar
                0x0000000080000520                SLBL_System::Alpha_Current_Delta_Before
                0x0000000080000524                SLBL_System::Alpha_Current_Delta
                0x0000000080000528                SLBL_System::Alpha_Current_Before
                0x000000008000052c                SLBL_System::Alpha_Current
                0x0000000080000530                SLBL_System::Abs_Current
                0x0000000080000534                SLBL_System::W_FB_Curent
                0x0000000080000538                SLBL_System::V_FB_Curent
                0x000000008000053c                SLBL_System::U_FB_Curent
                0x0000000080000540                SLBL_System::ADC_Buf
                0x0000000080000542                SLBL_System::Control_Mode
 *(.scommon)
                0x0000000080000544                _sbss_end = .
                0x0000000080000544                . = ALIGN (0x4)

.bss            0x0000000080000544        0x0
 *(.dynbss)
 *(COMMON)
                0x0000000080000544                . = ALIGN ((. != 0x0)?0x4:0x1)
                0x0000000080000544                . = ALIGN (0x4)
                0x0000000080000544                _end = .
                0x0000000080000544                _bss_end = .
                0x0000000000010000                _bmxdudba_address = LENGTH (kseg0_data_mem)
                0x0000000000010000                _bmxdupba_address = LENGTH (kseg0_data_mem)

/DISCARD/
 *(.pdr)
 *(.rel.dyn)
 *(.note.GNU-stack)
 *(.note.GNU-stack)
 *(.gnu_debuglink)
 *(.gnu.lto_*)
 *(.discard)

.gptab.sdata
 *(.gptab.data)
 *(.gptab.sdata)

.gptab.sbss
 *(.gptab.bss)
 *(.gptab.sbss)

.mdebug.abi32   0x0000000000000000        0x0
 *(.mdebug.abi32)
 .mdebug.abi32  0x0000000000000000        0x0 c:/program files/microchip/xc32/v4.45/bin/bin/../../lib/gcc/pic32mx/8.3.1/fpu64/crtbegin.o
 .mdebug.abi32  0x0000000000000000        0x0 build/default/debug/_ext/1982400153/plib_adchs.o
 .mdebug.abi32  0x0000000000000000        0x0 build/default/debug/_ext/1984168316/plib_canfd1.o
 .mdebug.abi32  0x0000000000000000        0x0 build/default/debug/_ext/60165520/plib_clk.o
 .mdebug.abi32  0x0000000000000000        0x0 build/default/debug/_ext/1865200349/plib_evic.o
 .mdebug.abi32  0x0000000000000000        0x0 build/default/debug/_ext/1865254177/plib_gpio.o
 .mdebug.abi32  0x0000000000000000        0x0 build/default/debug/_ext/1993465566/plib_mcpwm.o
 .mdebug.abi32  0x0000000000000000        0x0 build/default/debug/_ext/60181895/plib_tmr2.o
 .mdebug.abi32  0x0000000000000000        0x0 build/default/debug/_ext/1865638794/plib_tmr1.o
 .mdebug.abi32  0x0000000000000000        0x0 build/default/debug/_ext/1865657120/plib_uart1.o
 .mdebug.abi32  0x0000000000000000        0x0 build/default/debug/_ext/163028504/xc32_monitor.o
 .mdebug.abi32  0x0000000000000000        0x0 build/default/debug/_ext/1171490990/initialization.o
 .mdebug.abi32  0x0000000000000000        0x0 build/default/debug/_ext/1171490990/interrupts.o
 .mdebug.abi32  0x0000000000000000        0x0 build/default/debug/_ext/1171490990/exceptions.o
 .mdebug.abi32  0x0000000000000000        0x0 build/default/debug/Use_UART1.o
 .mdebug.abi32  0x0000000000000000        0x0 build/default/debug/Use_TMR1.o
 .mdebug.abi32  0x0000000000000000        0x0 build/default/debug/Use_GPIO.o
 .mdebug.abi32  0x0000000000000000        0x0 build/default/debug/SLBL_System.o
 .mdebug.abi32  0x0000000000000000        0x0 build/default/debug/_ext/1360937237/main.o
 .mdebug.abi32  0x0000000000000000        0x0 build/default/debug/SLBL_IPD.o
 .mdebug.abi32  0x0000000000000000        0x0 build/default/debug/SLBL_OpenLoop.o
 .mdebug.abi32  0x0000000000000000        0x0 build/default/debug/Use_ADC.o
 .mdebug.abi32  0x0000000000000000        0x0 c:/program files/microchip/xc32/v4.45/bin/bin/../../lib/gcc/pic32mx/8.3.1/../../../../pic32mx/lib/fpu64\libstdc++.a(eh_personality.o)
 .mdebug.abi32  0x0000000000000000        0x0 c:/program files/microchip/xc32/v4.45/bin/bin/../../lib/gcc/pic32mx/8.3.1/../../../../pic32mx/lib/fpu64\libstdc++.a(del_ops.o)
 .mdebug.abi32  0x0000000000000000        0x0 c:/program files/microchip/xc32/v4.45/bin/bin/../../lib/gcc/pic32mx/8.3.1/../../../../pic32mx/lib/fpu64\libstdc++.a(eh_catch.o)
 .mdebug.abi32  0x0000000000000000        0x0 c:/program files/microchip/xc32/v4.45/bin/bin/../../lib/gcc/pic32mx/8.3.1/../../../../pic32mx/lib/fpu64\libstdc++.a(eh_throw.o)
 .mdebug.abi32  0x0000000000000000        0x0 c:/program files/microchip/xc32/v4.45/bin/bin/../../lib/gcc/pic32mx/8.3.1/../../../../pic32mx/lib/fpu64\libstdc++.a(eh_terminate.o)
 .mdebug.abi32  0x0000000000000000        0x0 c:/program files/microchip/xc32/v4.45/bin/bin/../../lib/gcc/pic32mx/8.3.1/../../../../pic32mx/lib/fpu64\libstdc++.a(new_op.o)
 .mdebug.abi32  0x0000000000000000        0x0 c:/program files/microchip/xc32/v4.45/bin/bin/../../lib/gcc/pic32mx/8.3.1/../../../../pic32mx/lib/fpu64\libstdc++.a(eh_globals.o)